Archive member included because of file (symbol)

c:/freescale/kds_v3/toolchain/bin/../lib/gcc/arm-none-eabi/4.8.4/../../../../arm-none-eabi/lib/armv7e-m/fpu\libg_s.a(lib_a-exit.o)
                              c:/freescale/kds_v3/toolchain/bin/../lib/gcc/arm-none-eabi/4.8.4/../../../../arm-none-eabi/lib/armv7e-m/fpu/crt0.o (exit)
c:/freescale/kds_v3/toolchain/bin/../lib/gcc/arm-none-eabi/4.8.4/../../../../arm-none-eabi/lib/armv7e-m/fpu\libg_s.a(lib_a-impure.o)
                              c:/freescale/kds_v3/toolchain/bin/../lib/gcc/arm-none-eabi/4.8.4/../../../../arm-none-eabi/lib/armv7e-m/fpu\libg_s.a(lib_a-exit.o) (_global_impure_ptr)
c:/freescale/kds_v3/toolchain/bin/../lib/gcc/arm-none-eabi/4.8.4/../../../../arm-none-eabi/lib/armv7e-m/fpu\libg_s.a(lib_a-init.o)
                              c:/freescale/kds_v3/toolchain/bin/../lib/gcc/arm-none-eabi/4.8.4/../../../../arm-none-eabi/lib/armv7e-m/fpu/crt0.o (__libc_init_array)
c:/freescale/kds_v3/toolchain/bin/../lib/gcc/arm-none-eabi/4.8.4/../../../../arm-none-eabi/lib/armv7e-m/fpu\libg_s.a(lib_a-memset.o)
                              c:/freescale/kds_v3/toolchain/bin/../lib/gcc/arm-none-eabi/4.8.4/../../../../arm-none-eabi/lib/armv7e-m/fpu/crt0.o (memset)
c:/freescale/kds_v3/toolchain/bin/../lib/gcc/arm-none-eabi/4.8.4/../../../../arm-none-eabi/lib/armv7e-m/fpu\libg_s.a(lib_a-printf.o)
                              ./MQXLITE/psp/cortex_m/psp_tipr.o (printf)
c:/freescale/kds_v3/toolchain/bin/../lib/gcc/arm-none-eabi/4.8.4/../../../../arm-none-eabi/lib/armv7e-m/fpu\libg_s.a(lib_a-strncmp.o)
                              ./MQXLITE/kernel/task.o (strncmp)
c:/freescale/kds_v3/toolchain/bin/../lib/gcc/arm-none-eabi/4.8.4/../../../../arm-none-eabi/lib/armv7e-m/fpu\libg_s.a(lib_a-vfprintf.o)
                              c:/freescale/kds_v3/toolchain/bin/../lib/gcc/arm-none-eabi/4.8.4/../../../../arm-none-eabi/lib/armv7e-m/fpu\libg_s.a(lib_a-printf.o) (_vfprintf_r)
c:/freescale/kds_v3/toolchain/bin/../lib/gcc/arm-none-eabi/4.8.4/../../../../arm-none-eabi/lib/armv7e-m/fpu\libg_s.a(lib_a-vfprintf_i.o)
                              c:/freescale/kds_v3/toolchain/bin/../lib/gcc/arm-none-eabi/4.8.4/../../../../arm-none-eabi/lib/armv7e-m/fpu\libg_s.a(lib_a-vfprintf.o) (_printf_i)
c:/freescale/kds_v3/toolchain/bin/../lib/gcc/arm-none-eabi/4.8.4/../../../../arm-none-eabi/lib/armv7e-m/fpu\libg_s.a(lib_a-wbuf.o)
                              c:/freescale/kds_v3/toolchain/bin/../lib/gcc/arm-none-eabi/4.8.4/../../../../arm-none-eabi/lib/armv7e-m/fpu\libg_s.a(lib_a-vfprintf.o) (__swbuf_r)
c:/freescale/kds_v3/toolchain/bin/../lib/gcc/arm-none-eabi/4.8.4/../../../../arm-none-eabi/lib/armv7e-m/fpu\libg_s.a(lib_a-wsetup.o)
                              c:/freescale/kds_v3/toolchain/bin/../lib/gcc/arm-none-eabi/4.8.4/../../../../arm-none-eabi/lib/armv7e-m/fpu\libg_s.a(lib_a-vfprintf.o) (__swsetup_r)
c:/freescale/kds_v3/toolchain/bin/../lib/gcc/arm-none-eabi/4.8.4/../../../../arm-none-eabi/lib/armv7e-m/fpu\libg_s.a(lib_a-fflush.o)
                              c:/freescale/kds_v3/toolchain/bin/../lib/gcc/arm-none-eabi/4.8.4/../../../../arm-none-eabi/lib/armv7e-m/fpu\libg_s.a(lib_a-wbuf.o) (_fflush_r)
c:/freescale/kds_v3/toolchain/bin/../lib/gcc/arm-none-eabi/4.8.4/../../../../arm-none-eabi/lib/armv7e-m/fpu\libg_s.a(lib_a-findfp.o)
                              c:/freescale/kds_v3/toolchain/bin/../lib/gcc/arm-none-eabi/4.8.4/../../../../arm-none-eabi/lib/armv7e-m/fpu\libg_s.a(lib_a-printf.o) (__sinit)
c:/freescale/kds_v3/toolchain/bin/../lib/gcc/arm-none-eabi/4.8.4/../../../../arm-none-eabi/lib/armv7e-m/fpu\libg_s.a(lib_a-fvwrite.o)
                              c:/freescale/kds_v3/toolchain/bin/../lib/gcc/arm-none-eabi/4.8.4/../../../../arm-none-eabi/lib/armv7e-m/fpu\libg_s.a(lib_a-vfprintf.o) (__sfvwrite_r)
c:/freescale/kds_v3/toolchain/bin/../lib/gcc/arm-none-eabi/4.8.4/../../../../arm-none-eabi/lib/armv7e-m/fpu\libg_s.a(lib_a-fwalk.o)
                              c:/freescale/kds_v3/toolchain/bin/../lib/gcc/arm-none-eabi/4.8.4/../../../../arm-none-eabi/lib/armv7e-m/fpu\libg_s.a(lib_a-findfp.o) (_fwalk)
c:/freescale/kds_v3/toolchain/bin/../lib/gcc/arm-none-eabi/4.8.4/../../../../arm-none-eabi/lib/armv7e-m/fpu\libg_s.a(lib_a-makebuf.o)
                              c:/freescale/kds_v3/toolchain/bin/../lib/gcc/arm-none-eabi/4.8.4/../../../../arm-none-eabi/lib/armv7e-m/fpu\libg_s.a(lib_a-wsetup.o) (__smakebuf_r)
c:/freescale/kds_v3/toolchain/bin/../lib/gcc/arm-none-eabi/4.8.4/../../../../arm-none-eabi/lib/armv7e-m/fpu\libg_s.a(lib_a-memchr-stub.o)
                              c:/freescale/kds_v3/toolchain/bin/../lib/gcc/arm-none-eabi/4.8.4/../../../../arm-none-eabi/lib/armv7e-m/fpu\libg_s.a(lib_a-vfprintf.o) (memchr)
c:/freescale/kds_v3/toolchain/bin/../lib/gcc/arm-none-eabi/4.8.4/../../../../arm-none-eabi/lib/armv7e-m/fpu\libg_s.a(lib_a-memcpy-stub.o)
[...]
Memory Configuration

Name             Origin             Length             Attributes
m_interrupts     0x00000000         0x00000198         xr
m_text           0x00000410         0x000ffbf0         xr
m_data_1FFF0000  0x1fff0000         0x00010000         rw
m_data           0x20000000         0x00030000         rw
m_cfmprotrom     0x00000400         0x00000010         xr
*default*        0x00000000         0xffffffff

Linker script and memory map

LOAD c:/freescale/kds_v3/toolchain/bin/../lib/gcc/arm-none-eabi/4.8.4/armv7e-m/fpu/crti.o
LOAD c:/freescale/kds_v3/toolchain/bin/../lib/gcc/arm-none-eabi/4.8.4/armv7e-m/fpu/crtbegin.o
LOAD c:/freescale/kds_v3/toolchain/bin/../lib/gcc/arm-none-eabi/4.8.4/../../../../arm-none-eabi/lib/armv7e-m/fpu/crt0.o
LOAD ./Static_Code/System/CPU_Init.o
LOAD ./Static_Code/System/Peripherals_Init.o
LOAD ./Static_Code/System/Vectors.o
LOAD ./Sources/Events.o
LOAD ./Sources/MX28R.o
LOAD ./Sources/main.o
LOAD ./Sources/mqx_tasks.o
LOAD ./Project_Settings/Startup_Code/startup.o
LOAD ./MQXLITE/psp/cortex_m/core/M4/boot.o
LOAD ./MQXLITE/psp/cortex_m/core/M4/dispatch.o
LOAD ./MQXLITE/psp/cortex_m/cortex.o
LOAD ./MQXLITE/psp/cortex_m/int_gkis.o
LOAD ./MQXLITE/psp/cortex_m/int_inst.o
LOAD ./MQXLITE/psp/cortex_m/int_kisr.o
LOAD ./MQXLITE/psp/cortex_m/int_pvta.o
LOAD ./MQXLITE/psp/cortex_m/int_unx.o
LOAD ./MQXLITE/psp/cortex_m/int_vtab.o
LOAD ./MQXLITE/psp/cortex_m/int_xcpt.o
LOAD ./MQXLITE/psp/cortex_m/mem_zero.o
LOAD ./MQXLITE/psp/cortex_m/psp_iinit.o
LOAD ./MQXLITE/psp/cortex_m/psp_supp.o
LOAD ./MQXLITE/psp/cortex_m/psp_tiad.o
LOAD ./MQXLITE/psp/cortex_m/psp_tinm.o
LOAD ./MQXLITE/psp/cortex_m/psp_tipr.o
LOAD ./MQXLITE/psp/cortex_m/psp_tisu.o
LOAD ./MQXLITE/psp/cortex_m/sc_irdyq.o
LOAD ./MQXLITE/psp/cortex_m/stack_bu.o
LOAD ./MQXLITE/psp/cortex_m/stack_de.o
LOAD ./MQXLITE/psp/cortex_m/stack_st.o
LOAD ./MQXLITE/kernel/idletask.o
LOAD ./MQXLITE/kernel/int.o
LOAD ./MQXLITE/kernel/klog.o
LOAD ./MQXLITE/kernel/lwevent.o
LOAD ./MQXLITE/kernel/lwlog.o
LOAD ./MQXLITE/kernel/lwmem.o
LOAD ./MQXLITE/kernel/lwmsgq.o
LOAD ./MQXLITE/kernel/lwsem.o
LOAD ./MQXLITE/kernel/lwtimer.o
LOAD ./MQXLITE/kernel/mqx_utils.o
LOAD ./MQXLITE/kernel/mqxlite.o
LOAD ./MQXLITE/kernel/mutex.o
LOAD ./MQXLITE/kernel/qu_test.o
LOAD ./MQXLITE/kernel/sched.o
LOAD ./MQXLITE/kernel/task.o
LOAD ./MQXLITE/kernel/time_ticks.o
LOAD ./MQXLITE/config/task_template_list.o
LOAD ./Generated_Code/ALIM_12V_RLY.o
LOAD ./Generated_Code/Cpu.o
LOAD ./Generated_Code/MQX1.o
LOAD ./Generated_Code/MX28R_DE.o
LOAD ./Generated_Code/MX28R_RE.o
LOAD ./Generated_Code/MX28R_RS485.o
LOAD ./Generated_Code/PE_LDD.o
LOAD ./Generated_Code/Pins1.o
LOAD ./Generated_Code/SystemTimer1.o
LOAD c:/freescale/kds_v3/toolchain/bin/../lib/gcc/arm-none-eabi/4.8.4/../../../../arm-none-eabi/lib/armv7e-m/fpu\libstdc++_s.a
LOAD c:/freescale/kds_v3/toolchain/bin/../lib/gcc/arm-none-eabi/4.8.4/../../../../arm-none-eabi/lib/armv7e-m/fpu\libm.a
START GROUP
LOAD c:/freescale/kds_v3/toolchain/bin/../lib/gcc/arm-none-eabi/4.8.4/armv7e-m/fpu\libgcc.a
LOAD c:/freescale/kds_v3/toolchain/bin/../lib/gcc/arm-none-eabi/4.8.4/../../../../arm-none-eabi/lib/armv7e-m/fpu\libg_s.a
LOAD c:/freescale/kds_v3/toolchain/bin/../lib/gcc/arm-none-eabi/4.8.4/../../../../arm-none-eabi/lib/armv7e-m/fpu\libc_s.a
END GROUP
START GROUP
LOAD c:/freescale/kds_v3/toolchain/bin/../lib/gcc/arm-none-eabi/4.8.4/armv7e-m/fpu\libgcc.a
LOAD c:/freescale/kds_v3/toolchain/bin/../lib/gcc/arm-none-eabi/4.8.4/../../../../arm-none-eabi/lib/armv7e-m/fpu\libc_s.a
LOAD c:/freescale/kds_v3/toolchain/bin/../lib/gcc/arm-none-eabi/4.8.4/../../../../arm-none-eabi/lib/armv7e-m/fpu\libnosys.a
END GROUP
START GROUP
LOAD c:/freescale/kds_v3/toolchain/bin/../lib/gcc/arm-none-eabi/4.8.4/armv7e-m/fpu\libgcc.a
LOAD c:/freescale/kds_v3/toolchain/bin/../lib/gcc/arm-none-eabi/4.8.4/../../../../arm-none-eabi/lib/armv7e-m/fpu\libc_s.a
LOAD c:/freescale/kds_v3/toolchain/bin/../lib/gcc/arm-none-eabi/4.8.4/../../../../arm-none-eabi/lib/armv7e-m/fpu\libnosys.a
END GROUP
LOAD c:/freescale/kds_v3/toolchain/bin/../lib/gcc/arm-none-eabi/4.8.4/armv7e-m/fpu/crtend.o
LOAD c:/freescale/kds_v3/toolchain/bin/../lib/gcc/arm-none-eabi/4.8.4/armv7e-m/fpu/crtn.o
                0x20030000                _estack = 0x20030000
                0x20030000                __SP_INIT = _estack
                0x20030000                __stack = _estack
                0x00000000                __heap_size = 0x0
                0x00000400                __stack_size = 0x400

.interrupts     0x00000000      0x198
                0x00000000                __vector_table = .
                0x00000000                . = ALIGN (0x4)
 *(.vectortable)
 .vectortable   0x00000000      0x198 ./Static_Code/System/Vectors.o
                0x00000000                __vect_table
                0x00000198                . = ALIGN (0x4)

.cfmprotect     0x00000400       0x10
                0x00000400                . = ALIGN (0x4)
 *(.cfmconfig)
 .cfmconfig     0x00000400       0x10 ./Static_Code/System/CPU_Init.o
                0x00000400                _cfm
                0x00000410                . = ALIGN (0x4)

.text           0x00000410     0x3ff0
                0x00000410                . = ALIGN (0x4)
 *(.text)
 .text          0x00000410       0x54 c:/freescale/kds_v3/toolchain/bin/../lib/gcc/arm-none-eabi/4.8.4/armv7e-m/fpu/crtbegin.o
 .text          0x00000464       0x74 c:/freescale/kds_v3/toolchain/bin/../lib/gcc/arm-none-eabi/4.8.4/../../../../arm-none-eabi/lib/armv7e-m/fpu/crt0.o
                0x00000464                _start
                0x00000464                _mainCRTStartup
 .text          0x000004d8       0x4c ./MQXLITE/psp/cortex_m/core/M4/boot.o
                0x000004d8                __boot
                0x00000510                __set_MSP
 *(.text*)
 .text.CPU_SetBASEPRI
                0x00000524       0x18 ./Static_Code/System/CPU_Init.o
                0x00000524                CPU_SetBASEPRI
 .text.__init_hardware
                0x0000053c       0x90 ./Static_Code/System/CPU_Init.o
                0x0000053c                __init_hardware
 .text.PE_low_level_init
                0x000005cc       0x58 ./Static_Code/System/CPU_Init.o
                0x000005cc                PE_low_level_init
 .text.CPU_GetClockGenMode
                0x00000624       0x90 ./Static_Code/System/CPU_Init.o
                0x00000624                CPU_GetClockGenMode
 .text.CPU_SetClockConfigGenMode
                0x000006b4      0x54c ./Static_Code/System/CPU_Init.o
                0x000006b4                CPU_SetClockConfigGenMode
 .text.UnhandledInterrupt
                0x00000c00       0x18 ./Static_Code/System/Vectors.o
                0x00000c00                UnhandledInterrupt
 .text.Cpu_OnNMI
                0x00000c18        0xc ./Sources/Events.o
                0x00000c18                Cpu_OnNMI
 .text.MX28R_RS485_OnBlockReceived
                0x00000c24       0x14 ./Sources/Events.o
                0x00000c24                MX28R_RS485_OnBlockReceived
 .text.MX28R_RS485_OnTxComplete
                0x00000c38       0x14 ./Sources/Events.o
                0x00000c38                MX28R_RS485_OnTxComplete
 .text.thtlInit
                0x00000c4c       0x50 ./Sources/MX28R.o
                0x00000c4c                thtlInit
 .text.thtlGetChecksum
                0x00000c9c       0x5c ./Sources/MX28R.o
                0x00000c9c                thtlGetChecksum
 .text.thtlSetGoalPosition
                0x00000cf8       0x80 ./Sources/MX28R.o
                0x00000cf8                thtlSetGoalPosition
 .text.MX28R_Read
                0x00000d78       0x78 ./Sources/MX28R.o
                0x00000d78                MX28R_Read
 .text.MX28R_Write
                0x00000df0       0xa8 ./Sources/MX28R.o
                0x00000df0                MX28R_Write
 .text.MX28R_check_moving
                0x00000e98       0x68 ./Sources/MX28R.o
                0x00000e98                MX28R_check_moving
 .text.MX28R_set_task
                0x00000f00      0x15c ./Sources/MX28R.o
                0x00000f00                MX28R_set_task
 .text.MX28R_check_task
                0x0000105c      0x130 ./Sources/MX28R.o
                0x0000105c                MX28R_check_task
 .text.MX28R_calibration
                0x0000118c      0x29c ./Sources/MX28R.o
                0x0000118c                MX28R_calibration
 .text.MX28R_OnCharRcv
                0x00001428       0x14 ./Sources/MX28R.o
                0x00001428                MX28R_OnCharRcv
 .text.MX28R_OnCmdTxComplete
                0x0000143c       0x30 ./Sources/MX28R.o
                0x0000143c                MX28R_OnCmdTxComplete
 .text.main     0x0000146c       0x10 ./Sources/main.o
                0x0000146c                main
 .text.Task1_task
                0x0000147c       0x14 ./Sources/mqx_tasks.o
                0x0000147c                Task1_task
 .text.Task2_task
                0x00001490       0x14 ./Sources/mqx_tasks.o
                0x00001490                Task2_task
 .text.__copy_rom_section
                0x000014a4       0xe4 ./Project_Settings/Startup_Code/startup.o
                0x000014a4                __copy_rom_section
 .text.__copy_rom_sections_to_ram
                0x00001588       0x9c ./Project_Settings/Startup_Code/startup.o
                0x00001588                __copy_rom_sections_to_ram
 .text.__init_registers
                0x00001624       0x20 ./Project_Settings/Startup_Code/startup.o
                0x00001624                __init_registers
 .text.__init_user
                0x00001644        0xc ./Project_Settings/Startup_Code/startup.o
                0x00001644                __init_user
 .text.__thumb_startup
                0x00001650       0x34 ./Project_Settings/Startup_Code/startup.o
                0x00001650                __thumb_startup
 .text._psp_int_install
                0x00001684       0x20 ./MQXLITE/psp/cortex_m/int_inst.o
                0x00001684                _psp_int_install
 .text._int_set_vector_table
                0x000016a4       0x34 ./MQXLITE/psp/cortex_m/int_vtab.o
                0x000016a4                _int_set_vector_table
 .text._mem_zero
                0x000016d8      0x1c8 ./MQXLITE/psp/cortex_m/mem_zero.o
                0x000016d8                _mem_zero
 .text._psp_int_init
                0x000018a0       0x28 ./MQXLITE/psp/cortex_m/psp_iinit.o
                0x000018a0                _psp_int_init
 .text._psp_add_ticks
                0x000018c8       0x68 ./MQXLITE/psp/cortex_m/psp_tiad.o
                0x000018c8                _psp_add_ticks
 .text._psp_normalize_ticks
                0x00001930       0x58 ./MQXLITE/psp/cortex_m/psp_tinm.o
                0x00001930                _psp_normalize_ticks
 .text._psp_set_kernel_disable_level
                0x00001988       0xa8 ./MQXLITE/psp/cortex_m/sc_irdyq.o
                0x00001988                _psp_set_kernel_disable_level
 .text._psp_init_readyqs
                0x00001a30       0xa8 ./MQXLITE/psp/cortex_m/sc_irdyq.o
                0x00001a30                _psp_init_readyqs
 .text._psp_build_stack_frame
                0x00001ad8       0x90 ./MQXLITE/psp/cortex_m/stack_bu.o
                0x00001ad8                _psp_build_stack_frame
 .text._psp_destroy_stack_frame
                0x00001b68       0x14 ./MQXLITE/psp/cortex_m/stack_de.o
                0x00001b68                _psp_destroy_stack_frame
 .text._mqx_idle_task
                0x00001b7c       0x14 ./MQXLITE/kernel/idletask.o
                0x00001b7c                _mqx_idle_task
 .text._int_default_isr
                0x00001b90       0x5c ./MQXLITE/kernel/int.o
                0x00001b90                _int_default_isr
 .text._int_disable
                0x00001bec       0x38 ./MQXLITE/kernel/int.o
                0x00001bec                _int_disable
 .text._int_enable
                0x00001c24       0x50 ./MQXLITE/kernel/int.o
                0x00001c24                _int_enable
 .text._int_get_isr_data
                0x00001c74       0x68 ./MQXLITE/kernel/int.o
                0x00001c74                _int_get_isr_data
 .text._int_install_isr
                0x00001cdc       0x84 ./MQXLITE/kernel/int.o
                0x00001cdc                _int_install_isr
 .text._int_init
                0x00001d60       0x8c ./MQXLITE/kernel/int.o
                0x00001d60                _int_init
 .text._lwevent_create_internal
                0x00001dec      0x124 ./MQXLITE/kernel/lwevent.o
                0x00001dec                _lwevent_create_internal
 .text._lwevent_create
                0x00001f10       0x20 ./MQXLITE/kernel/lwevent.o
                0x00001f10                _lwevent_create
 .text._lwevent_clear
                0x00001f30       0x94 ./MQXLITE/kernel/lwevent.o
                0x00001f30                _lwevent_clear
 .text._lwevent_set
                0x00001fc4      0x1d4 ./MQXLITE/kernel/lwevent.o
                0x00001fc4                _lwevent_set
 .text._lwevent_wait_internal
                0x00002198      0x1d4 ./MQXLITE/kernel/lwevent.o
                0x00002198                _lwevent_wait_internal
 .text._lwevent_wait_ticks
                0x0000236c       0x74 ./MQXLITE/kernel/lwevent.o
                0x0000236c                _lwevent_wait_ticks
 .text._lwsem_create_internal
                0x000023e0       0xc8 ./MQXLITE/kernel/lwsem.o
                0x000023e0                _lwsem_create_internal
 .text._lwsem_create
                0x000024a8       0x20 ./MQXLITE/kernel/lwsem.o
                0x000024a8                _lwsem_create
 .text._lwsem_post
                0x000024c8      0x164 ./MQXLITE/kernel/lwsem.o
                0x000024c8                _lwsem_post
 .text._lwsem_wait
                0x0000262c      0x128 ./MQXLITE/kernel/lwsem.o
                0x0000262c                _lwsem_wait
 .text._mqx_set_cpu_type
                0x00002754       0x24 ./MQXLITE/kernel/mqx_utils.o
                0x00002754                _mqx_set_cpu_type
 .text._mqx_init_kernel_data_internal
                0x00002778      0x190 ./MQXLITE/kernel/mqx_utils.o
                0x00002778                _mqx_init_kernel_data_internal
 .text._mqxlite_init
                0x00002908      0x104 ./MQXLITE/kernel/mqxlite.o
                0x00002908                _mqxlite_init
 .text._mqxlite
                0x00002a0c       0xc0 ./MQXLITE/kernel/mqxlite.o
                0x00002a0c                _mqxlite
 .text._mqx_exit
                0x00002acc       0x18 ./MQXLITE/kernel/mqxlite.o
                0x00002acc                _mqx_exit
 .text._task_destroy_internal
                0x00002ae4      0x268 ./MQXLITE/kernel/task.o
                0x00002ae4                _task_destroy_internal
 .text._task_destroy
                0x00002d4c       0x1c ./MQXLITE/kernel/task.o
                0x00002d4c                _task_destroy
 .text._task_get_td
                0x00002d68       0xc4 ./MQXLITE/kernel/task.o
                0x00002d68                _task_get_td
 .text._task_set_error
                0x00002e2c       0x4c ./MQXLITE/kernel/task.o
                0x00002e2c                _task_set_error
 .text._task_exit_function_internal
                0x00002e78       0x24 ./MQXLITE/kernel/task.o
                0x00002e78                _task_exit_function_internal
 .text._task_init_internal
                0x00002e9c      0x198 ./MQXLITE/kernel/task.o
                0x00002e9c                _task_init_internal
 .text._task_fill_stack_internal
                0x00003034       0x38 ./MQXLITE/kernel/task.o
                0x00003034                _task_fill_stack_internal
 .text._task_ready_internal
                0x0000306c       0x44 ./MQXLITE/kernel/task.o
                0x0000306c                _task_ready_internal
 .text._task_alloc_td_internal
                0x000030b0      0x108 ./MQXLITE/kernel/task.o
                0x000030b0                _task_alloc_td_internal
 .text._task_set_error_td_internal
                0x000031b8       0x30 ./MQXLITE/kernel/task.o
                0x000031b8                _task_set_error_td_internal
 .text._time_delay_for
                0x000031e8       0x74 ./MQXLITE/kernel/time_ticks.o
                0x000031e8                _time_delay_for
 .text._time_delay_internal
                0x0000325c       0xc8 ./MQXLITE/kernel/time_ticks.o
                0x0000325c                _time_delay_internal
 .text._time_delay_ticks
                0x00003324       0x7c ./MQXLITE/kernel/time_ticks.o
                0x00003324                _time_delay_ticks
 .text._time_delay_until
                0x000033a0       0x70 ./MQXLITE/kernel/time_ticks.o
                0x000033a0                _time_delay_until
 .text._time_notify_kernel
                0x00003410      0x17c ./MQXLITE/kernel/time_ticks.o
                0x00003410                _time_notify_kernel
 .text._time_set_hwtick_function
                0x0000358c       0x28 ./MQXLITE/kernel/time_ticks.o
                0x0000358c                _time_set_hwtick_function
 .text._time_set_hwticks_per_tick
                0x000035b4       0x20 ./MQXLITE/kernel/time_ticks.o
                0x000035b4                _time_set_hwticks_per_tick
 .text.ALIM_12V_RLY_Init
                0x000035d4       0x80 ./Generated_Code/ALIM_12V_RLY.o
                0x000035d4                ALIM_12V_RLY_Init
 .text.Components_Init
                0x00003654        0xc ./Generated_Code/Cpu.o
                0x00003654                Components_Init
 .text.Cpu_INT_NMIInterrupt
                0x00003660        0xc ./Generated_Code/Cpu.o
                0x00003660                Cpu_INT_NMIInterrupt
 .text.SystemTimer1_OnCounterRestart
                0x0000366c       0x14 ./Generated_Code/MQX1.o
                0x0000366c                SystemTimer1_OnCounterRestart
 .text.SystemTimer1_GetTicsPerSecond
                0x00003680       0x2c ./Generated_Code/MQX1.o
                0x00003680                SystemTimer1_GetTicsPerSecond
 .text.system_timer_init
                0x000036ac       0x68 ./Generated_Code/MQX1.o
                0x000036ac                system_timer_init
 .text.system_timer_start
                0x00003714       0x20 ./Generated_Code/MQX1.o
                0x00003714                system_timer_start
 .text.MX28R_DE_Init
                0x00003734       0x80 ./Generated_Code/MX28R_DE.o
                0x00003734                MX28R_DE_Init
 .text.MX28R_DE_ClrVal
                0x000037b4       0x20 ./Generated_Code/MX28R_DE.o
                0x000037b4                MX28R_DE_ClrVal
 .text.MX28R_DE_SetVal
                0x000037d4       0x20 ./Generated_Code/MX28R_DE.o
                0x000037d4                MX28R_DE_SetVal
 .text.MX28R_RE_Init
                0x000037f4       0x80 ./Generated_Code/MX28R_RE.o
                0x000037f4                MX28R_RE_Init
 .text.MX28R_RE_ClrVal
                0x00003874       0x20 ./Generated_Code/MX28R_RE.o
                0x00003874                MX28R_RE_ClrVal
 .text.MX28R_RE_SetVal
                0x00003894       0x20 ./Generated_Code/MX28R_RE.o
                0x00003894                MX28R_RE_SetVal
 .text.MX28R_RS485_Init
                0x000038b4      0x1f0 ./Generated_Code/MX28R_RS485.o
                0x000038b4                MX28R_RS485_Init
 .text.MX28R_RS485_ReceiveBlock
                0x00003aa4       0x4c ./Generated_Code/MX28R_RS485.o
                0x00003aa4                MX28R_RS485_ReceiveBlock
 .text.MX28R_RS485_SendBlock
                0x00003af0       0x78 ./Generated_Code/MX28R_RS485.o
                0x00003af0                MX28R_RS485_SendBlock
 .text.InterruptRx
                0x00003b68       0x58 ./Generated_Code/MX28R_RS485.o
 .text.InterruptTx
                0x00003bc0       0x94 ./Generated_Code/MX28R_RS485.o
 .text.MX28R_RS485_Interrupt
                0x00003c54       0x90 ./Generated_Code/MX28R_RS485.o
                0x00003c54                MX28R_RS485_Interrupt
 .text.SystemTimer1_Init
                0x00003ce4       0x84 ./Generated_Code/SystemTimer1.o
                0x00003ce4                SystemTimer1_Init
 .text.SystemTimer1_Enable
                0x00003d68       0x28 ./Generated_Code/SystemTimer1.o
                0x00003d68                SystemTimer1_Enable
 .text.SystemTimer1_GetInputFrequency
                0x00003d90       0x18 ./Generated_Code/SystemTimer1.o
                0x00003d90                SystemTimer1_GetInputFrequency
 .text.SystemTimer1_GetPeriodTicks
                0x00003da8       0x3c ./Generated_Code/SystemTimer1.o
                0x00003da8                SystemTimer1_GetPeriodTicks
 .text.SystemTimer1_GetCounterValue
                0x00003de4       0x1c ./Generated_Code/SystemTimer1.o
                0x00003de4                SystemTimer1_GetCounterValue
 .text.SystemTimer1_Interrupt
                0x00003e00       0x2c ./Generated_Code/SystemTimer1.o
                0x00003e00                SystemTimer1_Interrupt
 .text.exit     0x00003e2c       0x28 c:/freescale/kds_v3/toolchain/bin/../lib/gcc/arm-none-eabi/4.8.4/../../../../arm-none-eabi/lib/armv7e-m/fpu\libg_s.a(lib_a-exit.o)
                0x00003e2c                exit
 .text.__libc_init_array
                0x00003e54       0x4c c:/freescale/kds_v3/toolchain/bin/../lib/gcc/arm-none-eabi/4.8.4/../../../../arm-none-eabi/lib/armv7e-m/fpu\libg_s.a(lib_a-init.o)
                0x00003e54                __libc_init_array
 .text.memset   0x00003ea0       0x10 c:/freescale/kds_v3/toolchain/bin/../lib/gcc/arm-none-eabi/4.8.4/../../../../arm-none-eabi/lib/armv7e-m/fpu\libg_s.a(lib_a-memset.o)
                0x00003ea0                memset
 .text._exit    0x00003eb0        0x4 c:/freescale/kds_v3/toolchain/bin/../lib/gcc/arm-none-eabi/4.8.4/../../../../arm-none-eabi/lib/armv7e-m/fpu\libnosys.a(_exit.o)
                0x00003eb0                _exit
 *(.rodata)
 .rodata        0x00003eb4       0x10 ./MQXLITE/kernel/mqx_utils.o
 .rodata        0x00003ec4       0xd8 ./MQXLITE/kernel/mqxlite.o
 .rodata        0x00003f9c       0x10 ./MQXLITE/config/task_template_list.o
 *(.rodata*)
 .rodata.ClockGenModeMatrix
                0x00003fac       0x80 ./Static_Code/System/CPU_Init.o
 .rodata.CPU_ClockConfigDescriptors
                0x0000402c       0x1c ./Static_Code/System/CPU_Init.o
 .rodata.CPU_DefaultFEI
                0x00004048        0x8 ./Static_Code/System/CPU_Init.o
 .rodata.CPU_DefaultFBI
                0x00004050        0x8 ./Static_Code/System/CPU_Init.o
 .rodata.CPU_DefaultBLPI
                0x00004058        0x8 ./Static_Code/System/CPU_Init.o
 .rodata.CPU_DefaultFEE
                0x00004060        0x8 ./Static_Code/System/CPU_Init.o
 .rodata.CPU_DefaultFBE
                0x00004068        0x8 ./Static_Code/System/CPU_Init.o
 .rodata.CPU_DefaultBLPE
                0x00004070        0x8 ./Static_Code/System/CPU_Init.o
 .rodata.CPU_DefaultPBE
                0x00004078        0x8 ./Static_Code/System/CPU_Init.o
 .rodata.CPU_DefaultPEE
                0x00004080        0x8 ./Static_Code/System/CPU_Init.o
 .rodata.CPU_ClockGenModeRegs
                0x00004088       0x20 ./Static_Code/System/CPU_Init.o
 .rodata._mqx_version_number
                0x000040a8        0x4 ./MQXLITE/kernel/mqxlite.o
                0x000040a8                _mqx_version_number
 .rodata._mqx_vendor
                0x000040ac        0x4 ./MQXLITE/kernel/mqxlite.o
                0x000040ac                _mqx_vendor
 .rodata._mqx_path
                0x000040b0        0x4 ./MQXLITE/kernel/mqxlite.o
                0x000040b0                _mqx_path
 .rodata._mqxlite_version_number
                0x000040b4        0x4 ./MQXLITE/kernel/mqxlite.o
                0x000040b4                _mqxlite_version_number
 .rodata.MQX_template_list
                0x000040b8       0x54 ./MQXLITE/config/task_template_list.o
                0x000040b8                MQX_template_list
 .rodata.MQX_init_struct
                0x0000410c       0x24 ./Generated_Code/MQX1.o
                0x0000410c                MQX_init_struct
 .rodata.str1.1
                0x00004130        0x2 c:/freescale/kds_v3/toolchain/bin/../lib/gcc/arm-none-eabi/4.8.4/../../../../arm-none-eabi/lib/armv7e-m/fpu\libg_s.a(lib_a-impure.o)
 *fill*         0x00004132        0x2 
 .rodata._global_impure_ptr
                0x00004134        0x4 c:/freescale/kds_v3/toolchain/bin/../lib/gcc/arm-none-eabi/4.8.4/../../../../arm-none-eabi/lib/armv7e-m/fpu\libg_s.a(lib_a-impure.o)
                0x00004134                _global_impure_ptr
 .rodata.__sf_fake_stdin
                0x00004138       0x20 c:/freescale/kds_v3/toolchain/bin/../lib/gcc/arm-none-eabi/4.8.4/../../../../arm-none-eabi/lib/armv7e-m/fpu\libg_s.a(lib_a-findfp.o)
                0x00004138                __sf_fake_stdin
 .rodata.__sf_fake_stdout
                0x00004158       0x20 c:/freescale/kds_v3/toolchain/bin/../lib/gcc/arm-none-eabi/4.8.4/../../../../arm-none-eabi/lib/armv7e-m/fpu\libg_s.a(lib_a-findfp.o)
                0x00004158                __sf_fake_stdout
 .rodata.__sf_fake_stderr
                0x00004178       0x20 c:/freescale/kds_v3/toolchain/bin/../lib/gcc/arm-none-eabi/4.8.4/../../../../arm-none-eabi/lib/armv7e-m/fpu\libg_s.a(lib_a-findfp.o)
                0x00004178                __sf_fake_stderr
 *(.glue_7)
 .glue_7        0x00000000        0x0 linker stubs
 *(.glue_7t)
 .glue_7t       0x00000000        0x0 linker stubs
 *(.eh_frame)
 .eh_frame      0x00004198        0x0 c:/freescale/kds_v3/toolchain/bin/../lib/gcc/arm-none-eabi/4.8.4/armv7e-m/fpu/crtbegin.o
 *(.init)
 .init          0x00004198        0x4 c:/freescale/kds_v3/toolchain/bin/../lib/gcc/arm-none-eabi/4.8.4/armv7e-m/fpu/crti.o
                0x00004198                _init
 .init          0x0000419c        0x8 c:/freescale/kds_v3/toolchain/bin/../lib/gcc/arm-none-eabi/4.8.4/armv7e-m/fpu/crtn.o
 *(.fini)
 .fini          0x000041a4        0x4 c:/freescale/kds_v3/toolchain/bin/../lib/gcc/arm-none-eabi/4.8.4/armv7e-m/fpu/crti.o
                0x000041a4                _fini
 .fini          0x000041a8        0x8 c:/freescale/kds_v3/toolchain/bin/../lib/gcc/arm-none-eabi/4.8.4/armv7e-m/fpu/crtn.o
                0x000041b0                . = ALIGN (0x4)
 *(KERNEL)
 KERNEL         0x000041b0      0x250 ./MQXLITE/psp/cortex_m/core/M4/dispatch.o
                0x000041b0                _sched_start_internal
                0x000041b4                _sched_run_internal
                0x000041ba                _sched_check_scheduler_internal
                0x000041d8                _sched_execute_scheduler_internal
                0x000041dc                _mqx_api_call
                0x000041e0                _task_block
                0x000041e4                _svc_handler
                0x00004266                _pend_svc
                0x000042ce                _int_kernel_isr
                0x00004356                _psp_exception_return
                0x00004390                _psp_save_fp_context_internal
                0x00004392                _mem_test_and_set
                0x000043b0                __get_PSP
                0x000043b6                __get_MSP
                0x000043c2                __get_PSR
                0x000043c8                __enable_interrupt
                0x000043cc                __disable_interrupt
                0x000043d0                __get_LR
                0x000043d4                __get_PC
                0x000043d8                __get_CONTROL
                0x00000000                __VECTOR_TABLE_START = __vector_table
                0x00004400                . = ALIGN (0x4)
 *(.rdata)
                0x00004400                . = ALIGN (0x4)
 *(.exception)
                0x00004400                . = ALIGN (0x4)
                0x00004400                __exception_table_start__ = .
                0x00004400                __exception_table_end__ = .
                0x00004400                __sinit__ = .
                0x00004400                _etext = .

.vfp11_veneer   0x00004400        0x0
 .vfp11_veneer  0x00000000        0x0 linker stubs

.v4_bx          0x00004400        0x0
 .v4_bx         0x00000000        0x0 linker stubs

.iplt           0x00004400        0x0
 .iplt          0x00000000        0x0 c:/freescale/kds_v3/toolchain/bin/../lib/gcc/arm-none-eabi/4.8.4/armv7e-m/fpu/crtbegin.o

.ARM.extab
 *(.ARM.extab* .gnu.linkonce.armextab.*)

.ARM            0x00004400        0x8
                0x00004400                __exidx_start = .
 *(.ARM.exidx*)
 .ARM.exidx     0x00004400        0x8 c:/freescale/kds_v3/toolchain/bin/../lib/gcc/arm-none-eabi/4.8.4/../../../../arm-none-eabi/lib/armv7e-m/fpu/crt0.o
                0x00004408                __exidx_end = .

.rel.dyn        0x00004408        0x0
 .rel.iplt      0x00000000        0x0 c:/freescale/kds_v3/toolchain/bin/../lib/gcc/arm-none-eabi/4.8.4/armv7e-m/fpu/crtbegin.o

.ctors          0x00004408        0x0
                0x00004408                __CTOR_LIST__ = .
 *crtbegin.o(.ctors)
 *(EXCLUDE_FILE(*crtend.o) .ctors)
 *(SORT(.ctors.*))
 *(.ctors)
                0x00004408                __CTOR_END__ = .

.dtors          0x00004408        0x0
                0x00004408                __DTOR_LIST__ = .
 *crtbegin.o(.dtors)
 *(EXCLUDE_FILE(*crtend.o) .dtors)
 *(SORT(.dtors.*))
 *(.dtors)
                0x00004408                __DTOR_END__ = .

.preinit_array  0x00004408        0x0
                0x00004408                PROVIDE (__preinit_array_start, .)
 *(.preinit_array*)
                0x00004408                PROVIDE (__preinit_array_end, .)

.init_array     0x00004408        0x4
                0x00004408                PROVIDE (__init_array_start, .)
 *(SORT(.init_array.*))
 *(.init_array*)
 .init_array    0x00004408        0x4 c:/freescale/kds_v3/toolchain/bin/../lib/gcc/arm-none-eabi/4.8.4/armv7e-m/fpu/crtbegin.o
                0x0000440c                PROVIDE (__init_array_end, .)

.fini_array     0x0000440c        0x4
                0x0000440c                PROVIDE (__fini_array_start, .)
 *(SORT(.fini_array.*))
 *(.fini_array*)
 .fini_array    0x0000440c        0x4 c:/freescale/kds_v3/toolchain/bin/../lib/gcc/arm-none-eabi/4.8.4/armv7e-m/fpu/crtbegin.o
                0x00004410                PROVIDE (__fini_array_end, .)
                0x00004410                ___ROM_AT = .

.data           0x20000000       0x70 load address 0x00004410
                0x20000000                . = ALIGN (0x4)
                0x20000000                _sdata = .
 *(.data)
 *(.data*)
 .data._mqx_kernel_data
                0x20000000        0x4 ./MQXLITE/kernel/mqxlite.o
                0x20000000                _mqx_kernel_data
 .data.mqx_task_stack_pointers
                0x20000004        0xc ./Generated_Code/MQX1.o
                0x20000004                mqx_task_stack_pointers
 .data.impure_data
                0x20000010       0x60 c:/freescale/kds_v3/toolchain/bin/../lib/gcc/arm-none-eabi/4.8.4/../../../../arm-none-eabi/lib/armv7e-m/fpu\libg_s.a(lib_a-impure.o)
                0x20000070                . = ALIGN (0x4)
                0x20000070                _edata = .
                0x00000070                ___data_size = (_edata - _sdata)
                0x00004480                ___m_data_1FFF0000_ROMStart = (___ROM_AT + SIZEOF (.data))

.jcr            0x20000070        0x0 load address 0x00004480
 .jcr           0x20000070        0x0 c:/freescale/kds_v3/toolchain/bin/../lib/gcc/arm-none-eabi/4.8.4/armv7e-m/fpu/crtbegin.o

.igot.plt       0x20000070        0x0 load address 0x00004480
 .igot.plt      0x00000000        0x0 c:/freescale/kds_v3/toolchain/bin/../lib/gcc/arm-none-eabi/4.8.4/armv7e-m/fpu/crtbegin.o

.m_data_1FFF0000
                0x1fff0000        0x0 load address 0x00004480
                0x1fff0000                . = ALIGN (0x4)
                0x1fff0000                ___m_data_1FFF0000_RAMStart = .
 *(.m_data_1FFF0000)
                0x1fff0000                ___m_data_1FFF0000_RAMEnd = .
                0x1fff0000                . = ALIGN (0x4)
                0x00000000                ___m_data_1FFF0000_ROMSize = (___m_data_1FFF0000_RAMEnd - ___m_data_1FFF0000_RAMStart)
                0x1fff0000                . = ALIGN (0x4)

.bss            0x20000070      0xde8 load address 0x00004480
                0x20000070                __START_BSS = .
                0x20000070                PROVIDE (__bss_start__, __START_BSS)
 *(.bss)
 .bss           0x20000070       0x1c c:/freescale/kds_v3/toolchain/bin/../lib/gcc/arm-none-eabi/4.8.4/armv7e-m/fpu/crtbegin.o
 *(.bss*)
 .bss.DeviceDataPrv__DEFAULT_RTOS_ALLOC
                0x2000008c        0x4 ./Generated_Code/ALIM_12V_RLY.o
 .bss.SystemTimerDeviceDataPtr
                0x20000090        0x4 ./Generated_Code/MQX1.o
 .bss.DeviceDataPrv__DEFAULT_RTOS_ALLOC
                0x20000094        0x4 ./Generated_Code/MX28R_DE.o
 .bss.DeviceDataPrv__DEFAULT_RTOS_ALLOC
                0x20000098        0x4 ./Generated_Code/MX28R_RE.o
 .bss.DeviceDataPrv__DEFAULT_RTOS_ALLOC
                0x2000009c       0x20 ./Generated_Code/MX28R_RS485.o
 .bss.PE_LDD_DeviceDataList
                0x200000bc       0x14 ./Generated_Code/PE_LDD.o
                0x200000bc                PE_LDD_DeviceDataList
 .bss.DeviceDataPrv__DEFAULT_RTOS_ALLOC
                0x200000d0        0xc ./Generated_Code/SystemTimer1.o
 *(COMMON)
 COMMON         0x200000dc      0x134 ./Sources/Events.o
                0x200000dc                response
                0x200000f0                lwevent_RS485
                0x20000114                MX28R_RE_Ptr
                0x20000118                FinalThtl
                0x2000011c                MX28R_DE_Ptr
                0x20000120                MX28R_RS485_Ptr
                0x20000124                lwevent_setThrottle
                0x20000148                P0
                0x2000014c                table_PP_PL
                0x200001ec                TxData
                0x20000200                P100
                0x20000204                lwsem_error_ptr
                0x20000208                thtlBuffer
                0x2000020c                td_error_ptr
 COMMON         0x20000210       0x10 ./MQXLITE/kernel/mqxlite.o
                0x20000210                _mqx_zero_tick_struct
                0x2000021c                _mqx_system_stack
 COMMON         0x20000220      0xc38 ./Generated_Code/MQX1.o
                0x20000220                _mqx_kernel_data_struct
                0x20000464                mqx_interrupt_stack
                0x20000574                mqx_static_ready_queue
                0x20000624                mqx_static_isr_table
                0x200007d4                mqx_idle_task_stack
                0x20000940                Task2_task_stack
                0x20000bcc                Task1_task_stack
                0x20000e58                . = ALIGN (0x4)
                0x20000e58                __END_BSS = .
                0x20000e58                PROVIDE (__bss_end__, __END_BSS)
                0x00004480                _romp_at = ((___ROM_AT + SIZEOF (.data)) + SIZEOF (.m_data_1FFF0000))

.romp           0x20000e58       0x24 load address 0x00004480
                0x00004480                __S_romp = _romp_at
                0x20000e58        0x4 LONG 0x4410 ___ROM_AT
                0x20000e5c        0x4 LONG 0x20000000 _sdata
                0x20000e60        0x4 LONG 0x70 ___data_size
                0x20000e64        0x4 LONG 0x4480 ___m_data_1FFF0000_ROMStart
                0x20000e68        0x4 LONG 0x1fff0000 ___m_data_1FFF0000_RAMStart
                0x20000e6c        0x4 LONG 0x0 ___m_data_1FFF0000_ROMSize
                0x20000e70        0x4 LONG 0x0
                0x20000e74        0x4 LONG 0x0
                0x20000e78        0x4 LONG 0x0
                0x00100000                text_end = (ORIGIN (m_text) + 0xffbf0)
                0x000044a4                data_init_end = ((___m_data_1FFF0000_ROMStart + SIZEOF (.m_data_1FFF0000)) + SIZEOF (.romp))
                0x00000001                ASSERT ((data_init_end <= text_end), region m_text overflowed with text and data)

._user_heap_stack
                0x20000e7c      0x400 load address 0x000044a4
                0x20000e7c                . = ALIGN (0x4)
                0x20000e7c                PROVIDE (end, .)
                0x20000e7c                PROVIDE (_end, .)
                0x20000e7c                PROVIDE (__end__, .)
                0x20000e7c                __heap_addr = .
                0x20000e7c                __HeapBase = .
                0x20000e7c                . = (. + __heap_size)
                0x20000e7c                __HeapLimit = .
                0x2000127c                . = (. + __stack_size)
 *fill*         0x20000e7c      0x400 
                0x2000127c                . = ALIGN (0x4)

.ARM.attributes
                0x00000000       0x30
 *(.ARM.attributes)
 .ARM.attributes
                0x00000000       0x22 c:/freescale/kds_v3/toolchain/bin/../lib/gcc/arm-none-eabi/4.8.4/armv7e-m/fpu/crti.o
 .ARM.attributes
                0x00000022       0x34 c:/freescale/kds_v3/toolchain/bin/../lib/gcc/arm-none-eabi/4.8.4/armv7e-m/fpu/crtbegin.o
 .ARM.attributes
                0x00000056       0x20 c:/freescale/kds_v3/toolchain/bin/../lib/gcc/arm-none-eabi/4.8.4/../../../../arm-none-eabi/lib/armv7e-m/fpu/crt0.o
 .ARM.attributes
                0x00000076       0x39 ./Static_Code/System/CPU_Init.o
 .ARM.attributes
                0x000000af       0x39 ./Static_Code/System/Vectors.o
 .ARM.attributes
                0x000000e8       0x39 ./Sources/Events.o
 .ARM.attributes
                0x00000121       0x39 ./Sources/MX28R.o
 .ARM.attributes
                0x0000015a       0x39 ./Sources/main.o
 .ARM.attributes
                0x00000193       0x39 ./Sources/mqx_tasks.o
 .ARM.attributes
                0x000001cc       0x39 ./Project_Settings/Startup_Code/startup.o
 .ARM.attributes
                0x00000205       0x25 ./MQXLITE/psp/cortex_m/core/M4/boot.o
 .ARM.attributes
                0x0000022a       0x25 ./MQXLITE/psp/cortex_m/core/M4/dispatch.o
 .ARM.attributes
                0x0000024f       0x39 ./MQXLITE/psp/cortex_m/int_inst.o
 .ARM.attributes
                0x00000288       0x39 ./MQXLITE/psp/cortex_m/int_vtab.o
 .ARM.attributes
                0x000002c1       0x39 ./MQXLITE/psp/cortex_m/mem_zero.o
 .ARM.attributes
                0x000002fa       0x39 ./MQXLITE/psp/cortex_m/psp_iinit.o
 .ARM.attributes
                0x00000333       0x39 ./MQXLITE/psp/cortex_m/psp_tiad.o
 .ARM.attributes
                0x0000036c       0x39 ./MQXLITE/psp/cortex_m/psp_tinm.o
 .ARM.attributes
                0x000003a5       0x39 ./MQXLITE/psp/cortex_m/sc_irdyq.o
 .ARM.attributes
                0x000003de       0x39 ./MQXLITE/psp/cortex_m/stack_bu.o
 .ARM.attributes
                0x00000417       0x39 ./MQXLITE/psp/cortex_m/stack_de.o
 .ARM.attributes
                0x00000450       0x39 ./MQXLITE/kernel/idletask.o
 .ARM.attributes
                0x00000489       0x39 ./MQXLITE/kernel/int.o
 .ARM.attributes
                0x000004c2       0x39 ./MQXLITE/kernel/lwevent.o
 .ARM.attributes
                0x000004fb       0x39 ./MQXLITE/kernel/lwsem.o
 .ARM.attributes
                0x00000534       0x39 ./MQXLITE/kernel/mqx_utils.o
 .ARM.attributes
                0x0000056d       0x39 ./MQXLITE/kernel/mqxlite.o
 .ARM.attributes
                0x000005a6       0x39 ./MQXLITE/kernel/task.o
 .ARM.attributes
                0x000005df       0x39 ./MQXLITE/kernel/time_ticks.o
 .ARM.attributes
                0x00000618       0x39 ./MQXLITE/config/task_template_list.o
 .ARM.attributes
                0x00000651       0x39 ./Generated_Code/ALIM_12V_RLY.o
 .ARM.attributes
                0x0000068a       0x39 ./Generated_Code/Cpu.o
 .ARM.attributes
                0x000006c3       0x39 ./Generated_Code/MQX1.o
 .ARM.attributes
                0x000006fc       0x39 ./Generated_Code/MX28R_DE.o
 .ARM.attributes
                0x00000735       0x39 ./Generated_Code/MX28R_RE.o
 .ARM.attributes
                0x0000076e       0x39 ./Generated_Code/MX28R_RS485.o
 .ARM.attributes
                0x000007a7       0x39 ./Generated_Code/PE_LDD.o
 .ARM.attributes
                0x000007e0       0x39 ./Generated_Code/SystemTimer1.o
 .ARM.attributes
                0x00000819       0x34 c:/freescale/kds_v3/toolchain/bin/../lib/gcc/arm-none-eabi/4.8.4/../../../../arm-none-eabi/lib/armv7e-m/fpu\libg_s.a(lib_a-exit.o)
 .ARM.attributes
                0x0000084d       0x34 c:/freescale/kds_v3/toolchain/bin/../lib/gcc/arm-none-eabi/4.8.4/../../../../arm-none-eabi/lib/armv7e-m/fpu\libg_s.a(lib_a-impure.o)
 .ARM.attributes
                0x00000881       0x34 c:/freescale/kds_v3/toolchain/bin/../lib/gcc/arm-none-eabi/4.8.4/../../../../arm-none-eabi/lib/armv7e-m/fpu\libg_s.a(lib_a-init.o)
 .ARM.attributes
                0x000008b5       0x34 c:/freescale/kds_v3/toolchain/bin/../lib/gcc/arm-none-eabi/4.8.4/../../../../arm-none-eabi/lib/armv7e-m/fpu\libg_s.a(lib_a-memset.o)
 .ARM.attributes
                0x000008e9       0x34 c:/freescale/kds_v3/toolchain/bin/../lib/gcc/arm-none-eabi/4.8.4/../../../../arm-none-eabi/lib/armv7e-m/fpu\libg_s.a(lib_a-findfp.o)
 .ARM.attributes
                0x0000091d       0x34 c:/freescale/kds_v3/toolchain/bin/../lib/gcc/arm-none-eabi/4.8.4/../../../../arm-none-eabi/lib/armv7e-m/fpu\libnosys.a(_exit.o)
 .ARM.attributes
                0x00000951       0x22 c:/freescale/kds_v3/toolchain/bin/../lib/gcc/arm-none-eabi/4.8.4/armv7e-m/fpu/crtn.o
OUTPUT(MX28R_Dev.elf elf32-littlearm)

.debug_info     0x00000000    0x12975
 .debug_info    0x00000000      0xe9d ./Static_Code/System/CPU_Init.o
 .debug_info    0x00000e9d      0xac0 ./Static_Code/System/Vectors.o
 .debug_info    0x0000195d      0x5e8 ./Sources/Events.o
 .debug_info    0x00001f45      0x872 ./Sources/MX28R.o
 .debug_info    0x000027b7       0xa1 ./Sources/main.o
 .debug_info    0x00002858      0x5e0 ./Sources/mqx_tasks.o
 .debug_info    0x00002e38      0x3b0 ./Project_Settings/Startup_Code/startup.o
 .debug_info    0x000031e8       0x87 ./MQXLITE/psp/cortex_m/core/M4/boot.o
 .debug_info    0x0000326f       0x8b ./MQXLITE/psp/cortex_m/core/M4/dispatch.o
 .debug_info    0x000032fa      0x991 ./MQXLITE/psp/cortex_m/int_inst.o
 .debug_info    0x00003c8b      0x33d ./MQXLITE/psp/cortex_m/int_vtab.o
 .debug_info    0x00003fc8      0x144 ./MQXLITE/psp/cortex_m/mem_zero.o
 .debug_info    0x0000410c       0xe2 ./MQXLITE/psp/cortex_m/psp_iinit.o
 .debug_info    0x000041ee      0xa29 ./MQXLITE/psp/cortex_m/psp_tiad.o
 .debug_info    0x00004c17      0xa22 ./MQXLITE/psp/cortex_m/psp_tinm.o
 .debug_info    0x00005639      0xbd0 ./MQXLITE/psp/cortex_m/sc_irdyq.o
 .debug_info    0x00006209      0x62c ./MQXLITE/psp/cortex_m/stack_bu.o
 .debug_info    0x00006835      0x409 ./MQXLITE/psp/cortex_m/stack_de.o
 .debug_info    0x00006c3e      0x9a4 ./MQXLITE/kernel/idletask.o
 .debug_info    0x000075e2      0xd87 ./MQXLITE/kernel/int.o
 .debug_info    0x00008369     0x1052 ./MQXLITE/kernel/lwevent.o
 .debug_info    0x000093bb     0x1011 ./MQXLITE/kernel/lwsem.o
 .debug_info    0x0000a3cc      0xb43 ./MQXLITE/kernel/mqx_utils.o
 .debug_info    0x0000af0f      0xef4 ./MQXLITE/kernel/mqxlite.o
 .debug_info    0x0000be03     0x1f83 ./MQXLITE/kernel/task.o
 .debug_info    0x0000dd86      0xfd2 ./MQXLITE/kernel/time_ticks.o
 .debug_info    0x0000ed58      0x40b ./MQXLITE/config/task_template_list.o
 .debug_info    0x0000f163      0x523 ./Generated_Code/ALIM_12V_RLY.o
 .debug_info    0x0000f686       0xbb ./Generated_Code/Cpu.o
 .debug_info    0x0000f741      0xeec ./Generated_Code/MQX1.o
 .debug_info    0x0001062d      0x523 ./Generated_Code/MX28R_DE.o
 .debug_info    0x00010b50      0x523 ./Generated_Code/MX28R_RE.o
 .debug_info    0x00011073      0xc25 ./Generated_Code/MX28R_RS485.o
 .debug_info    0x00011c98      0x501 ./Generated_Code/PE_LDD.o
 .debug_info    0x00012199      0x7dc ./Generated_Code/SystemTimer1.o

.debug_abbrev   0x00000000     0x2d45
 .debug_abbrev  0x00000000      0x1e5 ./Static_Code/System/CPU_Init.o
 .debug_abbrev  0x000001e5       0xee ./Static_Code/System/Vectors.o
 .debug_abbrev  0x000002d3      0x10d ./Sources/Events.o
 .debug_abbrev  0x000003e0      0x184 ./Sources/MX28R.o
 .debug_abbrev  0x00000564       0x47 ./Sources/main.o
 .debug_abbrev  0x000005ab       0xf5 ./Sources/mqx_tasks.o
 .debug_abbrev  0x000006a0      0x189 ./Project_Settings/Startup_Code/startup.o
 .debug_abbrev  0x00000829       0x14 ./MQXLITE/psp/cortex_m/core/M4/boot.o
 .debug_abbrev  0x0000083d       0x14 ./MQXLITE/psp/cortex_m/core/M4/dispatch.o
 .debug_abbrev  0x00000851      0x12e ./MQXLITE/psp/cortex_m/int_inst.o
 .debug_abbrev  0x0000097f      0x120 ./MQXLITE/psp/cortex_m/int_vtab.o
 .debug_abbrev  0x00000a9f       0x80 ./MQXLITE/psp/cortex_m/mem_zero.o
 .debug_abbrev  0x00000b1f       0x72 ./MQXLITE/psp/cortex_m/psp_iinit.o
 .debug_abbrev  0x00000b91      0x13d ./MQXLITE/psp/cortex_m/psp_tiad.o
 .debug_abbrev  0x00000cce      0x155 ./MQXLITE/psp/cortex_m/psp_tinm.o
 .debug_abbrev  0x00000e23      0x192 ./MQXLITE/psp/cortex_m/sc_irdyq.o
 .debug_abbrev  0x00000fb5      0x117 ./MQXLITE/psp/cortex_m/stack_bu.o
 .debug_abbrev  0x000010cc       0xdc ./MQXLITE/psp/cortex_m/stack_de.o
 .debug_abbrev  0x000011a8      0x144 ./MQXLITE/kernel/idletask.o
 .debug_abbrev  0x000012ec      0x1ff ./MQXLITE/kernel/int.o
 .debug_abbrev  0x000014eb      0x1dd ./MQXLITE/kernel/lwevent.o
 .debug_abbrev  0x000016c8      0x1c7 ./MQXLITE/kernel/lwsem.o
 .debug_abbrev  0x0000188f      0x1e1 ./MQXLITE/kernel/mqx_utils.o
 .debug_abbrev  0x00001a70      0x1e3 ./MQXLITE/kernel/mqxlite.o
 .debug_abbrev  0x00001c53      0x276 ./MQXLITE/kernel/task.o
 .debug_abbrev  0x00001ec9      0x200 ./MQXLITE/kernel/time_ticks.o
 .debug_abbrev  0x000020c9       0xba ./MQXLITE/config/task_template_list.o
 .debug_abbrev  0x00002183      0x15d ./Generated_Code/ALIM_12V_RLY.o
 .debug_abbrev  0x000022e0       0x59 ./Generated_Code/Cpu.o
 .debug_abbrev  0x00002339      0x1bd ./Generated_Code/MQX1.o
 .debug_abbrev  0x000024f6      0x15d ./Generated_Code/MX28R_DE.o
 .debug_abbrev  0x00002653      0x15d ./Generated_Code/MX28R_RE.o
 .debug_abbrev  0x000027b0      0x240 ./Generated_Code/MX28R_RS485.o
 .debug_abbrev  0x000029f0      0x123 ./Generated_Code/PE_LDD.o
 .debug_abbrev  0x00002b13      0x232 ./Generated_Code/SystemTimer1.o

.debug_aranges  0x00000000      0xca0
 .debug_aranges
                0x00000000       0x40 ./Static_Code/System/CPU_Init.o
 .debug_aranges
                0x00000040      0x340 ./Static_Code/System/Vectors.o
 .debug_aranges
                0x00000380       0x30 ./Sources/Events.o
 .debug_aranges
                0x000003b0       0x70 ./Sources/MX28R.o
 .debug_aranges
                0x00000420       0x20 ./Sources/main.o
 .debug_aranges
                0x00000440       0x28 ./Sources/mqx_tasks.o
 .debug_aranges
                0x00000468       0x50 ./Project_Settings/Startup_Code/startup.o
 .debug_aranges
                0x000004b8       0x20 ./MQXLITE/psp/cortex_m/core/M4/boot.o
 .debug_aranges
                0x000004d8       0x20 ./MQXLITE/psp/cortex_m/core/M4/dispatch.o
 .debug_aranges
                0x000004f8       0x20 ./MQXLITE/psp/cortex_m/int_inst.o
 .debug_aranges
                0x00000518       0x28 ./MQXLITE/psp/cortex_m/int_vtab.o
 .debug_aranges
                0x00000540       0x20 ./MQXLITE/psp/cortex_m/mem_zero.o
 .debug_aranges
                0x00000560       0x20 ./MQXLITE/psp/cortex_m/psp_iinit.o
 .debug_aranges
                0x00000580       0x20 ./MQXLITE/psp/cortex_m/psp_tiad.o
 .debug_aranges
                0x000005a0       0x20 ./MQXLITE/psp/cortex_m/psp_tinm.o
 .debug_aranges
                0x000005c0       0x28 ./MQXLITE/psp/cortex_m/sc_irdyq.o
 .debug_aranges
                0x000005e8       0x20 ./MQXLITE/psp/cortex_m/stack_bu.o
 .debug_aranges
                0x00000608       0x20 ./MQXLITE/psp/cortex_m/stack_de.o
 .debug_aranges
                0x00000628       0x20 ./MQXLITE/kernel/idletask.o
 .debug_aranges
                0x00000648       0x90 ./MQXLITE/kernel/int.o
 .debug_aranges
                0x000006d8       0x80 ./MQXLITE/kernel/lwevent.o
 .debug_aranges
                0x00000758       0x80 ./MQXLITE/kernel/lwsem.o
 .debug_aranges
                0x000007d8       0x60 ./MQXLITE/kernel/mqx_utils.o
 .debug_aranges
                0x00000838       0x30 ./MQXLITE/kernel/mqxlite.o
 .debug_aranges
                0x00000868      0x160 ./MQXLITE/kernel/task.o
 .debug_aranges
                0x000009c8       0xb8 ./MQXLITE/kernel/time_ticks.o
 .debug_aranges
                0x00000a80       0x18 ./MQXLITE/config/task_template_list.o
 .debug_aranges
                0x00000a98       0x40 ./Generated_Code/ALIM_12V_RLY.o
 .debug_aranges
                0x00000ad8       0x28 ./Generated_Code/Cpu.o
 .debug_aranges
                0x00000b00       0x40 ./Generated_Code/MQX1.o
 .debug_aranges
                0x00000b40       0x40 ./Generated_Code/MX28R_DE.o
 .debug_aranges
                0x00000b80       0x40 ./Generated_Code/MX28R_RE.o
 .debug_aranges
                0x00000bc0       0x50 ./Generated_Code/MX28R_RS485.o
 .debug_aranges
                0x00000c10       0x30 ./Generated_Code/PE_LDD.o
 .debug_aranges
                0x00000c40       0x60 ./Generated_Code/SystemTimer1.o

.debug_ranges   0x00000000      0xa48
 .debug_ranges  0x00000000       0x30 ./Static_Code/System/CPU_Init.o
 .debug_ranges  0x00000030      0x330 ./Static_Code/System/Vectors.o
 .debug_ranges  0x00000360       0x20 ./Sources/Events.o
 .debug_ranges  0x00000380       0x60 ./Sources/MX28R.o
 .debug_ranges  0x000003e0       0x10 ./Sources/main.o
 .debug_ranges  0x000003f0       0x18 ./Sources/mqx_tasks.o
 .debug_ranges  0x00000408       0x40 ./Project_Settings/Startup_Code/startup.o
 .debug_ranges  0x00000448       0x10 ./MQXLITE/psp/cortex_m/int_inst.o
 .debug_ranges  0x00000458       0x18 ./MQXLITE/psp/cortex_m/int_vtab.o
 .debug_ranges  0x00000470       0x10 ./MQXLITE/psp/cortex_m/mem_zero.o
 .debug_ranges  0x00000480       0x10 ./MQXLITE/psp/cortex_m/psp_iinit.o
 .debug_ranges  0x00000490       0x10 ./MQXLITE/psp/cortex_m/psp_tiad.o
 .debug_ranges  0x000004a0       0x10 ./MQXLITE/psp/cortex_m/psp_tinm.o
 .debug_ranges  0x000004b0       0x18 ./MQXLITE/psp/cortex_m/sc_irdyq.o
 .debug_ranges  0x000004c8       0x10 ./MQXLITE/psp/cortex_m/stack_bu.o
 .debug_ranges  0x000004d8       0x10 ./MQXLITE/psp/cortex_m/stack_de.o
 .debug_ranges  0x000004e8       0x10 ./MQXLITE/kernel/idletask.o
 .debug_ranges  0x000004f8       0x80 ./MQXLITE/kernel/int.o
 .debug_ranges  0x00000578       0x70 ./MQXLITE/kernel/lwevent.o
 .debug_ranges  0x000005e8       0x70 ./MQXLITE/kernel/lwsem.o
 .debug_ranges  0x00000658       0x50 ./MQXLITE/kernel/mqx_utils.o
 .debug_ranges  0x000006a8       0x20 ./MQXLITE/kernel/mqxlite.o
 .debug_ranges  0x000006c8      0x150 ./MQXLITE/kernel/task.o
 .debug_ranges  0x00000818       0xa8 ./MQXLITE/kernel/time_ticks.o
 .debug_ranges  0x000008c0       0x30 ./Generated_Code/ALIM_12V_RLY.o
 .debug_ranges  0x000008f0       0x18 ./Generated_Code/Cpu.o
 .debug_ranges  0x00000908       0x30 ./Generated_Code/MQX1.o
 .debug_ranges  0x00000938       0x30 ./Generated_Code/MX28R_DE.o
 .debug_ranges  0x00000968       0x30 ./Generated_Code/MX28R_RE.o
 .debug_ranges  0x00000998       0x40 ./Generated_Code/MX28R_RS485.o
 .debug_ranges  0x000009d8       0x20 ./Generated_Code/PE_LDD.o
 .debug_ranges  0x000009f8       0x50 ./Generated_Code/SystemTimer1.o

.debug_macro    0x00000000    0x37d67
 .debug_macro   0x00000000      0x286 ./Static_Code/System/CPU_Init.o
 .debug_macro   0x00000286      0x850 ./Static_Code/System/CPU_Init.o
 .debug_macro   0x00000ad6       0x16 ./Static_Code/System/CPU_Init.o
 .debug_macro   0x00000aec       0x44 ./Static_Code/System/CPU_Init.o
 .debug_macro   0x00000b30      0x209 ./Static_Code/System/CPU_Init.o
 .debug_macro   0x00000d39     0x1791 ./Static_Code/System/CPU_Init.o
 .debug_macro   0x000024ca    0x110ae ./Static_Code/System/CPU_Init.o
 .debug_macro   0x00013578      0x4b1 ./Static_Code/System/CPU_Init.o
 .debug_macro   0x00013a29      0x14e ./Static_Code/System/CPU_Init.o
 .debug_macro   0x00013b77       0x6a ./Static_Code/System/CPU_Init.o
 .debug_macro   0x00013be1       0x58 ./Static_Code/System/CPU_Init.o
 .debug_macro   0x00013c39       0x35 ./Static_Code/System/CPU_Init.o
 .debug_macro   0x00013c6e       0xa3 ./Static_Code/System/CPU_Init.o
 .debug_macro   0x00013d11       0x16 ./Static_Code/System/CPU_Init.o
 .debug_macro   0x00013d27       0x94 ./Static_Code/System/CPU_Init.o
 .debug_macro   0x00013dbb       0x7b ./Static_Code/System/CPU_Init.o
 .debug_macro   0x00013e36       0x81 ./Static_Code/System/CPU_Init.o
 .debug_macro   0x00013eb7       0x22 ./Static_Code/System/CPU_Init.o
 .debug_macro   0x00013ed9       0x16 ./Static_Code/System/CPU_Init.o
 .debug_macro   0x00013eef       0x70 ./Static_Code/System/CPU_Init.o
 .debug_macro   0x00013f5f      0x215 ./Static_Code/System/CPU_Init.o
 .debug_macro   0x00014174       0xa2 ./Static_Code/System/CPU_Init.o
 .debug_macro   0x00014216       0x16 ./Static_Code/System/CPU_Init.o
 .debug_macro   0x0001422c       0x1c ./Static_Code/System/CPU_Init.o
 .debug_macro   0x00014248      0x70f ./Static_Code/System/CPU_Init.o
 .debug_macro   0x00014957       0x10 ./Static_Code/System/CPU_Init.o
 .debug_macro   0x00014967       0xa6 ./Static_Code/System/CPU_Init.o
 .debug_macro   0x00014a0d      0x16d ./Static_Code/System/CPU_Init.o
 .debug_macro   0x00014b7a       0x76 ./Static_Code/System/CPU_Init.o
 .debug_macro   0x00014bf0       0xfc ./Static_Code/System/CPU_Init.o
 .debug_macro   0x00014cec       0x89 ./Static_Code/System/CPU_Init.o
 .debug_macro   0x00014d75      0x3c9 ./Static_Code/System/CPU_Init.o
 .debug_macro   0x0001513e       0x67 ./Static_Code/System/CPU_Init.o
 .debug_macro   0x000151a5       0x57 ./Static_Code/System/CPU_Init.o
 .debug_macro   0x000151fc      0x132 ./Static_Code/System/CPU_Init.o
 .debug_macro   0x0001532e       0x3a ./Static_Code/System/CPU_Init.o
 .debug_macro   0x00015368       0x40 ./Static_Code/System/CPU_Init.o
 .debug_macro   0x000153a8       0x46 ./Static_Code/System/CPU_Init.o
 .debug_macro   0x000153ee      0x299 ./Static_Code/System/CPU_Init.o
 .debug_macro   0x00015687      0x274 ./Static_Code/System/Vectors.o
 .debug_macro   0x000158fb      0x3ae ./Sources/Events.o
 .debug_macro   0x00015ca9       0x7c ./Sources/Events.o
 .debug_macro   0x00015d25      0x61c ./Sources/Events.o
 .debug_macro   0x00016341      0x625 ./Sources/Events.o
 .debug_macro   0x00016966      0x328 ./Sources/Events.o
 .debug_macro   0x00016c8e      0x1e9 ./Sources/Events.o
 .debug_macro   0x00016e77      0x109 ./Sources/Events.o
 .debug_macro   0x00016f80      0x17f ./Sources/Events.o
 .debug_macro   0x000170ff      0x202 ./Sources/Events.o
 .debug_macro   0x00017301      0x91e ./Sources/Events.o
 .debug_macro   0x00017c1f      0x585 ./Sources/Events.o
 .debug_macro   0x000181a4       0x9e ./Sources/Events.o
 .debug_macro   0x00018242      0x1f9 ./Sources/Events.o
 .debug_macro   0x0001843b      0x50f ./Sources/Events.o
 .debug_macro   0x0001894a      0x6a6 ./Sources/Events.o
 .debug_macro   0x00018ff0      0x29c ./Sources/Events.o
 .debug_macro   0x0001928c      0x264 ./Sources/Events.o
 .debug_macro   0x000194f0      0x25b ./Sources/Events.o
 .debug_macro   0x0001974b      0x4f1 ./Sources/Events.o
 .debug_macro   0x00019c3c      0x13f ./Sources/Events.o
 .debug_macro   0x00019d7b       0x6c ./Sources/Events.o
 .debug_macro   0x00019de7      0x30d ./Sources/Events.o
 .debug_macro   0x0001a0f4       0xbb ./Sources/Events.o
 .debug_macro   0x0001a1af       0xe9 ./Sources/Events.o
 .debug_macro   0x0001a298      0x4ea ./Sources/Events.o
 .debug_macro   0x0001a782      0x18f ./Sources/Events.o
 .debug_macro   0x0001a911       0xea ./Sources/Events.o
 .debug_macro   0x0001a9fb      0x344 ./Sources/Events.o
 .debug_macro   0x0001ad3f      0x824 ./Sources/Events.o
 .debug_macro   0x0001b563      0x179 ./Sources/Events.o
 .debug_macro   0x0001b6dc      0x644 ./Sources/Events.o
 .debug_macro   0x0001bd20      0xa28 ./Sources/Events.o
 .debug_macro   0x0001c748      0x124 ./Sources/Events.o
 .debug_macro   0x0001c86c      0x648 ./Sources/Events.o
 .debug_macro   0x0001ceb4      0x7bf ./Sources/Events.o
 .debug_macro   0x0001d673      0x10f ./Sources/Events.o
 .debug_macro   0x0001d782      0x66f ./Sources/Events.o
 .debug_macro   0x0001ddf1       0x7b ./Sources/Events.o
 .debug_macro   0x0001de6c      0x182 ./Sources/Events.o
 .debug_macro   0x0001dfee       0x28 ./Sources/Events.o
 .debug_macro   0x0001e016      0x425 ./Sources/MX28R.o
 .debug_macro   0x0001e43b      0x166 ./Sources/MX28R.o
 .debug_macro   0x0001e5a1       0x52 ./Sources/MX28R.o
 .debug_macro   0x0001e5f3       0x16 ./Sources/MX28R.o
 .debug_macro   0x0001e609       0x43 ./Sources/MX28R.o
 .debug_macro   0x0001e64c      0x180 ./Sources/MX28R.o
 .debug_macro   0x0001e7cc      0x2a6 ./Sources/MX28R.o
 .debug_macro   0x0001ea72       0x10 ./Sources/MX28R.o
 .debug_macro   0x0001ea82       0x35 ./Sources/MX28R.o
 .debug_macro   0x0001eab7      0x3a5 ./Sources/main.o
 .debug_macro   0x0001ee5c      0x3ae ./Sources/mqx_tasks.o
 .debug_macro   0x0001f20a      0x121 ./Project_Settings/Startup_Code/startup.o
 .debug_macro   0x0001f32b       0x4a ./Project_Settings/Startup_Code/startup.o
 .debug_macro   0x0001f375       0x16 ./Project_Settings/Startup_Code/startup.o
 .debug_macro   0x0001f38b       0x22 ./Project_Settings/Startup_Code/startup.o
 .debug_macro   0x0001f3ad       0x10 ./Project_Settings/Startup_Code/startup.o
 .debug_macro   0x0001f3bd      0x20f ./Project_Settings/Startup_Code/startup.o
 .debug_macro   0x0001f5cc    0x110a2 ./Project_Settings/Startup_Code/startup.o
 .debug_macro   0x0003066e      0x285 ./MQXLITE/psp/cortex_m/int_inst.o
 .debug_macro   0x000308f3      0x285 ./MQXLITE/psp/cortex_m/int_vtab.o
 .debug_macro   0x00030b78      0x285 ./MQXLITE/psp/cortex_m/mem_zero.o
 .debug_macro   0x00030dfd      0x285 ./MQXLITE/psp/cortex_m/psp_iinit.o
 .debug_macro   0x00031082      0x285 ./MQXLITE/psp/cortex_m/psp_tiad.o
 .debug_macro   0x00031307      0x285 ./MQXLITE/psp/cortex_m/psp_tinm.o
 .debug_macro   0x0003158c      0x285 ./MQXLITE/psp/cortex_m/sc_irdyq.o
 .debug_macro   0x00031811      0x285 ./MQXLITE/psp/cortex_m/stack_bu.o
 .debug_macro   0x00031a96      0x285 ./MQXLITE/psp/cortex_m/stack_de.o
 .debug_macro   0x00031d1b      0x285 ./MQXLITE/kernel/idletask.o
 .debug_macro   0x00031fa0      0x285 ./MQXLITE/kernel/int.o
 .debug_macro   0x00032225      0x292 ./MQXLITE/kernel/lwevent.o
 .debug_macro   0x000324b7       0x10 ./MQXLITE/kernel/lwevent.o
 .debug_macro   0x000324c7      0x285 ./MQXLITE/kernel/lwsem.o
 .debug_macro   0x0003274c      0x293 ./MQXLITE/kernel/mqx_utils.o
 .debug_macro   0x000329df      0x293 ./MQXLITE/kernel/mqxlite.o
 .debug_macro   0x00032c72      0x2f0 ./MQXLITE/kernel/task.o
 .debug_macro   0x00032f62     0x178b ./MQXLITE/kernel/task.o
 .debug_macro   0x000346ed      0x291 ./MQXLITE/kernel/time_ticks.o
 .debug_macro   0x0003497e      0x247 ./MQXLITE/config/task_template_list.o
 .debug_macro   0x00034bc5      0x1bc ./Generated_Code/ALIM_12V_RLY.o
 .debug_macro   0x00034d81       0x9c ./Generated_Code/ALIM_12V_RLY.o
 .debug_macro   0x00034e1d      0x6fd ./Generated_Code/ALIM_12V_RLY.o
 .debug_macro   0x0003551a     0x1785 ./Generated_Code/ALIM_12V_RLY.o
 .debug_macro   0x00036c9f      0x12c ./Generated_Code/ALIM_12V_RLY.o
 .debug_macro   0x00036dcb       0x40 ./Generated_Code/ALIM_12V_RLY.o
 .debug_macro   0x00036e0b      0x265 ./Generated_Code/Cpu.o
 .debug_macro   0x00037070      0x26d ./Generated_Code/MQX1.o
 .debug_macro   0x000372dd       0x51 ./Generated_Code/MQX1.o
 .debug_macro   0x0003732e      0x1bc ./Generated_Code/MX28R_DE.o
 .debug_macro   0x000374ea      0x1bc ./Generated_Code/MX28R_RE.o
 .debug_macro   0x000376a6       0x3a ./Generated_Code/MX28R_RE.o
 .debug_macro   0x000376e0      0x27a ./Generated_Code/MX28R_RS485.o
 .debug_macro   0x0003795a      0x232 ./Generated_Code/PE_LDD.o
 .debug_macro   0x00037b8c      0x1db ./Generated_Code/SystemTimer1.o

.debug_line     0x00000000     0xef2c
 .debug_line    0x00000000      0x761 ./Static_Code/System/CPU_Init.o
 .debug_line    0x00000761      0xd04 ./Static_Code/System/Vectors.o
 .debug_line    0x00001465      0x7d3 ./Sources/Events.o
 .debug_line    0x00001c38      0xa70 ./Sources/MX28R.o
 .debug_line    0x000026a8      0x7aa ./Sources/main.o
 .debug_line    0x00002e52      0x7c5 ./Sources/mqx_tasks.o
 .debug_line    0x00003617      0x3d5 ./Project_Settings/Startup_Code/startup.o
 .debug_line    0x000039ec       0x71 ./MQXLITE/psp/cortex_m/core/M4/boot.o
 .debug_line    0x00003a5d      0x17a ./MQXLITE/psp/cortex_m/core/M4/dispatch.o
 .debug_line    0x00003bd7      0x648 ./MQXLITE/psp/cortex_m/int_inst.o
 .debug_line    0x0000421f      0x65b ./MQXLITE/psp/cortex_m/int_vtab.o
 .debug_line    0x0000487a      0x6cf ./MQXLITE/psp/cortex_m/mem_zero.o
 .debug_line    0x00004f49      0x649 ./MQXLITE/psp/cortex_m/psp_iinit.o
 .debug_line    0x00005592      0x64c ./MQXLITE/psp/cortex_m/psp_tiad.o
 .debug_line    0x00005bde      0x64a ./MQXLITE/psp/cortex_m/psp_tinm.o
 .debug_line    0x00006228      0x6a1 ./MQXLITE/psp/cortex_m/sc_irdyq.o
 .debug_line    0x000068c9      0x656 ./MQXLITE/psp/cortex_m/stack_bu.o
 .debug_line    0x00006f1f      0x644 ./MQXLITE/psp/cortex_m/stack_de.o
 .debug_line    0x00007563      0x645 ./MQXLITE/kernel/idletask.o
 .debug_line    0x00007ba8      0x807 ./MQXLITE/kernel/int.o
 .debug_line    0x000083af      0x8c3 ./MQXLITE/kernel/lwevent.o
 .debug_line    0x00008c72      0x8d0 ./MQXLITE/kernel/lwsem.o
 .debug_line    0x00009542      0x724 ./MQXLITE/kernel/mqx_utils.o
 .debug_line    0x00009c66      0x6cd ./MQXLITE/kernel/mqxlite.o
 .debug_line    0x0000a333      0xcc2 ./MQXLITE/kernel/task.o
 .debug_line    0x0000aff5      0x97e ./MQXLITE/kernel/time_ticks.o
 .debug_line    0x0000b973      0x5e9 ./MQXLITE/config/task_template_list.o
 .debug_line    0x0000bf5c      0x563 ./Generated_Code/ALIM_12V_RLY.o
 .debug_line    0x0000c4bf      0x642 ./Generated_Code/Cpu.o
 .debug_line    0x0000cb01      0x682 ./Generated_Code/MQX1.o
 .debug_line    0x0000d183      0x55b ./Generated_Code/MX28R_DE.o
 .debug_line    0x0000d6de      0x55b ./Generated_Code/MX28R_RE.o
 .debug_line    0x0000dc39      0x726 ./Generated_Code/MX28R_RS485.o
 .debug_line    0x0000e35f      0x5ed ./Generated_Code/PE_LDD.o
 .debug_line    0x0000e94c      0x5e0 ./Generated_Code/SystemTimer1.o

.debug_str      0x00000000    0xf5d87
 .debug_str     0x00000000    0x753ce ./Static_Code/System/CPU_Init.o
                              0x75a59 (size before relaxing)
 .debug_str     0x000753ce      0x984 ./Static_Code/System/Vectors.o
                              0x75c9d (size before relaxing)
 .debug_str     0x00075d52    0x7ab9f ./Sources/Events.o
                              0xeefde (size before relaxing)
 .debug_str     0x000f08f1     0x217f ./Sources/MX28R.o
                              0xf117a (size before relaxing)
 .debug_str     0x000f2a70       0x17 ./Sources/main.o
                              0xee85c (size before relaxing)
 .debug_str     0x000f2a87       0x2d ./Sources/mqx_tasks.o
                              0xeefc1 (size before relaxing)
 .debug_str     0x000f2ab4      0x186 ./Project_Settings/Startup_Code/startup.o
                              0x636a5 (size before relaxing)
 .debug_str     0x000f2c3a     0x10a0 ./MQXLITE/psp/cortex_m/int_inst.o
                              0x7523d (size before relaxing)
 .debug_str     0x000f3cda      0x154 ./MQXLITE/psp/cortex_m/int_vtab.o
                              0x74aaa (size before relaxing)
 .debug_str     0x000f3e2e       0x8f ./MQXLITE/psp/cortex_m/mem_zero.o
                              0x749b7 (size before relaxing)
 .debug_str     0x000f3ebd       0x6b ./MQXLITE/psp/cortex_m/psp_iinit.o
                              0x74991 (size before relaxing)
 .debug_str     0x000f3f28       0x80 ./MQXLITE/psp/cortex_m/psp_tiad.o
                              0x75272 (size before relaxing)
 .debug_str     0x000f3fa8       0x38 ./MQXLITE/psp/cortex_m/psp_tinm.o
                              0x75285 (size before relaxing)
 .debug_str     0x000f3fe0      0x12f ./MQXLITE/psp/cortex_m/sc_irdyq.o
                              0x75390 (size before relaxing)
 .debug_str     0x000f410f      0x15f ./MQXLITE/psp/cortex_m/stack_bu.o
                              0x74da7 (size before relaxing)
 .debug_str     0x000f426e       0x3c ./MQXLITE/psp/cortex_m/stack_de.o
                              0x74c48 (size before relaxing)
 .debug_str     0x000f42aa       0x2c ./MQXLITE/kernel/idletask.o
                              0x7523f (size before relaxing)
 .debug_str     0x000f42d6      0x1d5 ./MQXLITE/kernel/int.o
                              0x75479 (size before relaxing)
 .debug_str     0x000f44ab      0x217 ./MQXLITE/kernel/lwevent.o
                              0x75502 (size before relaxing)
 .debug_str     0x000f46c2      0x13c ./MQXLITE/kernel/lwsem.o
                              0x75421 (size before relaxing)
 .debug_str     0x000f47fe      0x11f ./MQXLITE/kernel/mqx_utils.o
                              0x753b8 (size before relaxing)
 .debug_str     0x000f491d      0x158 ./MQXLITE/kernel/mqxlite.o
                              0x7591a (size before relaxing)
 .debug_str     0x000f4a75      0x5a8 ./MQXLITE/kernel/task.o
                              0x77f3e (size before relaxing)
 .debug_str     0x000f501d      0x274 ./MQXLITE/kernel/time_ticks.o
                              0x75565 (size before relaxing)
 .debug_str     0x000f5291       0x66 ./MQXLITE/config/task_template_list.o
                              0x744fa (size before relaxing)
 .debug_str     0x000f52f7      0x145 ./Generated_Code/ALIM_12V_RLY.o
                              0x72d2e (size before relaxing)
 .debug_str     0x000f543c       0x28 ./Generated_Code/Cpu.o
                              0x73efa (size before relaxing)
 .debug_str     0x000f5464      0x21d ./Generated_Code/MQX1.o
                              0x74fe3 (size before relaxing)
 .debug_str     0x000f5681       0x98 ./Generated_Code/MX28R_DE.o
                              0x72c7d (size before relaxing)
 .debug_str     0x000f5719       0x98 ./Generated_Code/MX28R_RE.o
                              0x72c7d (size before relaxing)
 .debug_str     0x000f57b1      0x2ad ./Generated_Code/MX28R_RS485.o
                              0x8334b (size before relaxing)
 .debug_str     0x000f5a5e      0x153 ./Generated_Code/PE_LDD.o
                              0x74576 (size before relaxing)
 .debug_str     0x000f5bb1      0x1d6 ./Generated_Code/SystemTimer1.o
                              0x73945 (size before relaxing)

.comment        0x00000000       0x70
 .comment       0x00000000       0x70 ./Static_Code/System/CPU_Init.o
                                 0x71 (size before relaxing)
 .comment       0x00000000       0x71 ./Static_Code/System/Vectors.o
 .comment       0x00000000       0x71 ./Sources/Events.o
 .comment       0x00000000       0x71 ./Sources/MX28R.o
 .comment       0x00000000       0x71 ./Sources/main.o
 .comment       0x00000000       0x71 ./Sources/mqx_tasks.o
 .comment       0x00000000       0x71 ./Project_Settings/Startup_Code/startup.o
 .comment       0x00000000       0x71 ./MQXLITE/psp/cortex_m/int_inst.o
 .comment       0x00000000       0x71 ./MQXLITE/psp/cortex_m/int_vtab.o
 .comment       0x00000000       0x71 ./MQXLITE/psp/cortex_m/mem_zero.o
 .comment       0x00000000       0x71 ./MQXLITE/psp/cortex_m/psp_iinit.o
 .comment       0x00000000       0x71 ./MQXLITE/psp/cortex_m/psp_tiad.o
 .comment       0x00000000       0x71 ./MQXLITE/psp/cortex_m/psp_tinm.o
 .comment       0x00000000       0x71 ./MQXLITE/psp/cortex_m/sc_irdyq.o
 .comment       0x00000000       0x71 ./MQXLITE/psp/cortex_m/stack_bu.o
 .comment       0x00000000       0x71 ./MQXLITE/psp/cortex_m/stack_de.o
 .comment       0x00000000       0x71 ./MQXLITE/kernel/idletask.o
 .comment       0x00000000       0x71 ./MQXLITE/kernel/int.o
 .comment       0x00000000       0x71 ./MQXLITE/kernel/lwevent.o
 .comment       0x00000000       0x71 ./MQXLITE/kernel/lwsem.o
 .comment       0x00000000       0x71 ./MQXLITE/kernel/mqx_utils.o
 .comment       0x00000000       0x71 ./MQXLITE/kernel/mqxlite.o
 .comment       0x00000000       0x71 ./MQXLITE/kernel/task.o
 .comment       0x00000000       0x71 ./MQXLITE/kernel/time_ticks.o
 .comment       0x00000000       0x71 ./MQXLITE/config/task_template_list.o
 .comment       0x00000000       0x71 ./Generated_Code/ALIM_12V_RLY.o
 .comment       0x00000000       0x71 ./Generated_Code/Cpu.o
 .comment       0x00000000       0x71 ./Generated_Code/MQX1.o
 .comment       0x00000000       0x71 ./Generated_Code/MX28R_DE.o
 .comment       0x00000000       0x71 ./Generated_Code/MX28R_RE.o
 .comment       0x00000000       0x71 ./Generated_Code/MX28R_RS485.o
 .comment       0x00000000       0x71 ./Generated_Code/PE_LDD.o
 .comment       0x00000000       0x71 ./Generated_Code/SystemTimer1.o

.debug_frame    0x00000000     0x27a8
 .debug_frame   0x00000000       0x9c ./Static_Code/System/CPU_Init.o
 .debug_frame   0x0000009c      0xcb0 ./Static_Code/System/Vectors.o
 .debug_frame   0x00000d4c       0x68 ./Sources/Events.o
 .debug_frame   0x00000db4      0x160 ./Sources/MX28R.o
 .debug_frame   0x00000f14       0x2c ./Sources/main.o
 .debug_frame   0x00000f40       0x50 ./Sources/mqx_tasks.o
 .debug_frame   0x00000f90       0xc0 ./Project_Settings/Startup_Code/startup.o
 .debug_frame   0x00001050       0x30 ./MQXLITE/psp/cortex_m/int_inst.o
 .debug_frame   0x00001080       0x44 ./MQXLITE/psp/cortex_m/int_vtab.o
 .debug_frame   0x000010c4       0x30 ./MQXLITE/psp/cortex_m/mem_zero.o
 .debug_frame   0x000010f4       0x30 ./MQXLITE/psp/cortex_m/psp_iinit.o
 .debug_frame   0x00001124       0x34 ./MQXLITE/psp/cortex_m/psp_tiad.o
 .debug_frame   0x00001158       0x30 ./MQXLITE/psp/cortex_m/psp_tinm.o
 .debug_frame   0x00001188       0x48 ./MQXLITE/psp/cortex_m/sc_irdyq.o
 .debug_frame   0x000011d0       0x30 ./MQXLITE/psp/cortex_m/stack_bu.o
 .debug_frame   0x00001200       0x2c ./MQXLITE/psp/cortex_m/stack_de.o
 .debug_frame   0x0000122c       0x2c ./MQXLITE/kernel/idletask.o
 .debug_frame   0x00001258      0x1d8 ./MQXLITE/kernel/int.o
 .debug_frame   0x00001430      0x1ac ./MQXLITE/kernel/lwevent.o
 .debug_frame   0x000015dc      0x1ac ./MQXLITE/kernel/lwsem.o
 .debug_frame   0x00001788      0x110 ./MQXLITE/kernel/mqx_utils.o
 .debug_frame   0x00001898       0x74 ./MQXLITE/kernel/mqxlite.o
 .debug_frame   0x0000190c      0x50c ./MQXLITE/kernel/task.o
 .debug_frame   0x00001e18      0x29c ./MQXLITE/kernel/time_ticks.o
 .debug_frame   0x000020b4       0x9c ./Generated_Code/ALIM_12V_RLY.o
 .debug_frame   0x00002150       0x48 ./Generated_Code/Cpu.o
 .debug_frame   0x00002198       0xb0 ./Generated_Code/MQX1.o
 .debug_frame   0x00002248       0x9c ./Generated_Code/MX28R_DE.o
 .debug_frame   0x000022e4       0x9c ./Generated_Code/MX28R_RE.o
 .debug_frame   0x00002380       0xe8 ./Generated_Code/MX28R_RS485.o
 .debug_frame   0x00002468       0x64 ./Generated_Code/PE_LDD.o
 .debug_frame   0x000024cc      0x11c ./Generated_Code/SystemTimer1.o
 .debug_frame   0x000025e8       0x28 c:/freescale/kds_v3/toolchain/bin/../lib/gcc/arm-none-eabi/4.8.4/../../../../arm-none-eabi/lib/armv7e-m/fpu\libg_s.a(lib_a-exit.o)
 .debug_frame   0x00002610       0x2c c:/freescale/kds_v3/toolchain/bin/../lib/gcc/arm-none-eabi/4.8.4/../../../../arm-none-eabi/lib/armv7e-m/fpu\libg_s.a(lib_a-init.o)
 .debug_frame   0x0000263c       0x20 c:/freescale/kds_v3/toolchain/bin/../lib/gcc/arm-none-eabi/4.8.4/../../../../arm-none-eabi/lib/armv7e-m/fpu\libg_s.a(lib_a-memset.o)
 .debug_frame   0x0000265c      0x12c c:/freescale/kds_v3/toolchain/bin/../lib/gcc/arm-none-eabi/4.8.4/../../../../arm-none-eabi/lib/armv7e-m/fpu\libg_s.a(lib_a-findfp.o)
 .debug_frame   0x00002788       0x20 c:/freescale/kds_v3/toolchain/bin/../lib/gcc/arm-none-eabi/4.8.4/../../../../arm-none-eabi/lib/armv7e-m/fpu\libnosys.a(_exit.o)

.stabstr        0x00000000      0x14d
 .stabstr       0x00000000      0x14d c:/freescale/kds_v3/toolchain/bin/../lib/gcc/arm-none-eabi/4.8.4/../../../../arm-none-eabi/lib/armv7e-m/fpu\libnosys.a(close.o)
