Archive member included because of file (symbol)

e:/freescale/kds_v3/toolchain/bin/../lib/gcc/arm-none-eabi/4.8.4/../../../../arm-none-eabi/lib/armv7e-m/fpu\libg_s.a(lib_a-exit.o)
                              e:/freescale/kds_v3/toolchain/bin/../lib/gcc/arm-none-eabi/4.8.4/../../../../arm-none-eabi/lib/armv7e-m/fpu/crt0.o (exit)
e:/freescale/kds_v3/toolchain/bin/../lib/gcc/arm-none-eabi/4.8.4/../../../../arm-none-eabi/lib/armv7e-m/fpu\libg_s.a(lib_a-impure.o)
                              e:/freescale/kds_v3/toolchain/bin/../lib/gcc/arm-none-eabi/4.8.4/../../../../arm-none-eabi/lib/armv7e-m/fpu\libg_s.a(lib_a-exit.o) (_global_impure_ptr)
e:/freescale/kds_v3/toolchain/bin/../lib/gcc/arm-none-eabi/4.8.4/../../../../arm-none-eabi/lib/armv7e-m/fpu\libg_s.a(lib_a-init.o)
                              e:/freescale/kds_v3/toolchain/bin/../lib/gcc/arm-none-eabi/4.8.4/../../../../arm-none-eabi/lib/armv7e-m/fpu/crt0.o (__libc_init_array)
e:/freescale/kds_v3/toolchain/bin/../lib/gcc/arm-none-eabi/4.8.4/../../../../arm-none-eabi/lib/armv7e-m/fpu\libg_s.a(lib_a-memset.o)
                              e:/freescale/kds_v3/toolchain/bin/../lib/gcc/arm-none-eabi/4.8.4/../../../../arm-none-eabi/lib/armv7e-m/fpu/crt0.o (memset)
e:/freescale/kds_v3/toolchain/bin/../lib/gcc/arm-none-eabi/4.8.4/../../../../arm-none-eabi/lib/armv7e-m/fpu\libg_s.a(lib_a-printf.o)
                              ./MQXLITE/psp/cortex_m/psp_tipr.o (printf)
e:/freescale/kds_v3/toolchain/bin/../lib/gcc/arm-none-eabi/4.8.4/../../../../arm-none-eabi/lib/armv7e-m/fpu\libg_s.a(lib_a-strncmp.o)
                              ./MQXLITE/kernel/task.o (strncmp)
e:/freescale/kds_v3/toolchain/bin/../lib/gcc/arm-none-eabi/4.8.4/../../../../arm-none-eabi/lib/armv7e-m/fpu\libg_s.a(lib_a-vfprintf.o)
                              e:/freescale/kds_v3/toolchain/bin/../lib/gcc/arm-none-eabi/4.8.4/../../../../arm-none-eabi/lib/armv7e-m/fpu\libg_s.a(lib_a-printf.o) (_vfprintf_r)
e:/freescale/kds_v3/toolchain/bin/../lib/gcc/arm-none-eabi/4.8.4/../../../../arm-none-eabi/lib/armv7e-m/fpu\libg_s.a(lib_a-vfprintf_i.o)
                              e:/freescale/kds_v3/toolchain/bin/../lib/gcc/arm-none-eabi/4.8.4/../../../../arm-none-eabi/lib/armv7e-m/fpu\libg_s.a(lib_a-vfprintf.o) (_printf_i)
e:/freescale/kds_v3/toolchain/bin/../lib/gcc/arm-none-eabi/4.8.4/../../../../arm-none-eabi/lib/armv7e-m/fpu\libg_s.a(lib_a-wbuf.o)
                              e:/freescale/kds_v3/toolchain/bin/../lib/gcc/arm-none-eabi/4.8.4/../../../../arm-none-eabi/lib/armv7e-m/fpu\libg_s.a(lib_a-vfprintf.o) (__swbuf_r)
e:/freescale/kds_v3/toolchain/bin/../lib/gcc/arm-none-eabi/4.8.4/../../../../arm-none-eabi/lib/armv7e-m/fpu\libg_s.a(lib_a-wsetup.o)
                              e:/freescale/kds_v3/toolchain/bin/../lib/gcc/arm-none-eabi/4.8.4/../../../../arm-none-eabi/lib/armv7e-m/fpu\libg_s.a(lib_a-vfprintf.o) (__swsetup_r)
e:/freescale/kds_v3/toolchain/bin/../lib/gcc/arm-none-eabi/4.8.4/../../../../arm-none-eabi/lib/armv7e-m/fpu\libg_s.a(lib_a-fflush.o)
                              e:/freescale/kds_v3/toolchain/bin/../lib/gcc/arm-none-eabi/4.8.4/../../../../arm-none-eabi/lib/armv7e-m/fpu\libg_s.a(lib_a-wbuf.o) (_fflush_r)
e:/freescale/kds_v3/toolchain/bin/../lib/gcc/arm-none-eabi/4.8.4/../../../../arm-none-eabi/lib/armv7e-m/fpu\libg_s.a(lib_a-findfp.o)
                              e:/freescale/kds_v3/toolchain/bin/../lib/gcc/arm-none-eabi/4.8.4/../../../../arm-none-eabi/lib/armv7e-m/fpu\libg_s.a(lib_a-printf.o) (__sinit)
e:/freescale/kds_v3/toolchain/bin/../lib/gcc/arm-none-eabi/4.8.4/../../../../arm-none-eabi/lib/armv7e-m/fpu\libg_s.a(lib_a-fvwrite.o)
                              e:/freescale/kds_v3/toolchain/bin/../lib/gcc/arm-none-eabi/4.8.4/../../../../arm-none-eabi/lib/armv7e-m/fpu\libg_s.a(lib_a-vfprintf.o) (__sfvwrite_r)
e:/freescale/kds_v3/toolchain/bin/../lib/gcc/arm-none-eabi/4.8.4/../../../../arm-none-eabi/lib/armv7e-m/fpu\libg_s.a(lib_a-fwalk.o)
                              e:/freescale/kds_v3/toolchain/bin/../lib/gcc/arm-none-eabi/4.8.4/../../../../arm-none-eabi/lib/armv7e-m/fpu\libg_s.a(lib_a-findfp.o) (_fwalk)
e:/freescale/kds_v3/toolchain/bin/../lib/gcc/arm-none-eabi/4.8.4/../../../../arm-none-eabi/lib/armv7e-m/fpu\libg_s.a(lib_a-makebuf.o)
                              e:/freescale/kds_v3/toolchain/bin/../lib/gcc/arm-none-eabi/4.8.4/../../../../arm-none-eabi/lib/armv7e-m/fpu\libg_s.a(lib_a-wsetup.o) (__smakebuf_r)
e:/freescale/kds_v3/toolchain/bin/../lib/gcc/arm-none-eabi/4.8.4/../../../../arm-none-eabi/lib/armv7e-m/fpu\libg_s.a(lib_a-memchr-stub.o)
                              e:/freescale/kds_v3/toolchain/bin/../lib/gcc/arm-none-eabi/4.8.4/../../../../arm-none-eabi/lib/armv7e-m/fpu\libg_s.a(lib_a-vfprintf.o) (memchr)
e:/freescale/kds_v3/toolchain/bin/../lib/gcc/arm-none-eabi/4.8.4/../../../../arm-none-eabi/lib/armv7e-m/fpu\libg_s.a(lib_a-memcpy-stub.o)
[...]
Memory Configuration

Name             Origin             Length             Attributes
m_interrupts     0x00000000         0x00000198         xr
m_text           0x00000410         0x000ffbf0         xr
m_data_1FFF0000  0x1fff0000         0x00010000         rw
m_data           0x20000000         0x00030000         rw
m_cfmprotrom     0x00000400         0x00000010         xr
*default*        0x00000000         0xffffffff

Linker script and memory map

LOAD e:/freescale/kds_v3/toolchain/bin/../lib/gcc/arm-none-eabi/4.8.4/armv7e-m/fpu/crti.o
LOAD e:/freescale/kds_v3/toolchain/bin/../lib/gcc/arm-none-eabi/4.8.4/armv7e-m/fpu/crtbegin.o
LOAD e:/freescale/kds_v3/toolchain/bin/../lib/gcc/arm-none-eabi/4.8.4/../../../../arm-none-eabi/lib/armv7e-m/fpu/crt0.o
LOAD ./Static_Code/System/CPU_Init.o
LOAD ./Static_Code/System/Peripherals_Init.o
LOAD ./Static_Code/System/Vectors.o
LOAD ./Sources/Events.o
LOAD ./Sources/MX28R.o
LOAD ./Sources/main.o
LOAD ./Sources/mqx_tasks.o
LOAD ./Project_Settings/Startup_Code/startup.o
LOAD ./MQXLITE/psp/cortex_m/core/M4/boot.o
LOAD ./MQXLITE/psp/cortex_m/core/M4/dispatch.o
LOAD ./MQXLITE/psp/cortex_m/cortex.o
LOAD ./MQXLITE/psp/cortex_m/int_gkis.o
LOAD ./MQXLITE/psp/cortex_m/int_inst.o
LOAD ./MQXLITE/psp/cortex_m/int_kisr.o
LOAD ./MQXLITE/psp/cortex_m/int_pvta.o
LOAD ./MQXLITE/psp/cortex_m/int_unx.o
LOAD ./MQXLITE/psp/cortex_m/int_vtab.o
LOAD ./MQXLITE/psp/cortex_m/int_xcpt.o
LOAD ./MQXLITE/psp/cortex_m/mem_zero.o
LOAD ./MQXLITE/psp/cortex_m/psp_iinit.o
LOAD ./MQXLITE/psp/cortex_m/psp_supp.o
LOAD ./MQXLITE/psp/cortex_m/psp_tiad.o
LOAD ./MQXLITE/psp/cortex_m/psp_tinm.o
LOAD ./MQXLITE/psp/cortex_m/psp_tipr.o
LOAD ./MQXLITE/psp/cortex_m/psp_tisu.o
LOAD ./MQXLITE/psp/cortex_m/sc_irdyq.o
LOAD ./MQXLITE/psp/cortex_m/stack_bu.o
LOAD ./MQXLITE/psp/cortex_m/stack_de.o
LOAD ./MQXLITE/psp/cortex_m/stack_st.o
LOAD ./MQXLITE/kernel/idletask.o
LOAD ./MQXLITE/kernel/int.o
LOAD ./MQXLITE/kernel/klog.o
LOAD ./MQXLITE/kernel/lwevent.o
LOAD ./MQXLITE/kernel/lwlog.o
LOAD ./MQXLITE/kernel/lwmem.o
LOAD ./MQXLITE/kernel/lwmsgq.o
LOAD ./MQXLITE/kernel/lwsem.o
LOAD ./MQXLITE/kernel/lwtimer.o
LOAD ./MQXLITE/kernel/mqx_utils.o
LOAD ./MQXLITE/kernel/mqxlite.o
LOAD ./MQXLITE/kernel/mutex.o
LOAD ./MQXLITE/kernel/qu_test.o
LOAD ./MQXLITE/kernel/sched.o
LOAD ./MQXLITE/kernel/task.o
LOAD ./MQXLITE/kernel/time_ticks.o
LOAD ./MQXLITE/config/task_template_list.o
LOAD ./Generated_Code/ALIM_12V_RLY.o
LOAD ./Generated_Code/Cpu.o
LOAD ./Generated_Code/MQX1.o
LOAD ./Generated_Code/MX28R_DE.o
LOAD ./Generated_Code/MX28R_RE.o
LOAD ./Generated_Code/MX28R_RS485.o
LOAD ./Generated_Code/PE_LDD.o
LOAD ./Generated_Code/Pins1.o
LOAD ./Generated_Code/SystemTimer1.o
LOAD e:/freescale/kds_v3/toolchain/bin/../lib/gcc/arm-none-eabi/4.8.4/../../../../arm-none-eabi/lib/armv7e-m/fpu\libstdc++_s.a
LOAD e:/freescale/kds_v3/toolchain/bin/../lib/gcc/arm-none-eabi/4.8.4/../../../../arm-none-eabi/lib/armv7e-m/fpu\libm.a
START GROUP
LOAD e:/freescale/kds_v3/toolchain/bin/../lib/gcc/arm-none-eabi/4.8.4/armv7e-m/fpu\libgcc.a
LOAD e:/freescale/kds_v3/toolchain/bin/../lib/gcc/arm-none-eabi/4.8.4/../../../../arm-none-eabi/lib/armv7e-m/fpu\libg_s.a
LOAD e:/freescale/kds_v3/toolchain/bin/../lib/gcc/arm-none-eabi/4.8.4/../../../../arm-none-eabi/lib/armv7e-m/fpu\libc_s.a
END GROUP
START GROUP
LOAD e:/freescale/kds_v3/toolchain/bin/../lib/gcc/arm-none-eabi/4.8.4/armv7e-m/fpu\libgcc.a
LOAD e:/freescale/kds_v3/toolchain/bin/../lib/gcc/arm-none-eabi/4.8.4/../../../../arm-none-eabi/lib/armv7e-m/fpu\libc_s.a
LOAD e:/freescale/kds_v3/toolchain/bin/../lib/gcc/arm-none-eabi/4.8.4/../../../../arm-none-eabi/lib/armv7e-m/fpu\libnosys.a
END GROUP
START GROUP
LOAD e:/freescale/kds_v3/toolchain/bin/../lib/gcc/arm-none-eabi/4.8.4/armv7e-m/fpu\libgcc.a
LOAD e:/freescale/kds_v3/toolchain/bin/../lib/gcc/arm-none-eabi/4.8.4/../../../../arm-none-eabi/lib/armv7e-m/fpu\libc_s.a
LOAD e:/freescale/kds_v3/toolchain/bin/../lib/gcc/arm-none-eabi/4.8.4/../../../../arm-none-eabi/lib/armv7e-m/fpu\libnosys.a
END GROUP
LOAD e:/freescale/kds_v3/toolchain/bin/../lib/gcc/arm-none-eabi/4.8.4/armv7e-m/fpu/crtend.o
LOAD e:/freescale/kds_v3/toolchain/bin/../lib/gcc/arm-none-eabi/4.8.4/armv7e-m/fpu/crtn.o
                0x20030000                _estack = 0x20030000
                0x20030000                __SP_INIT = _estack
                0x20030000                __stack = _estack
                0x00000000                __heap_size = 0x0
                0x00000400                __stack_size = 0x400

.interrupts     0x00000000      0x198
                0x00000000                __vector_table = .
                0x00000000                . = ALIGN (0x4)
 *(.vectortable)
 .vectortable   0x00000000      0x198 ./Static_Code/System/Vectors.o
                0x00000000                __vect_table
                0x00000198                . = ALIGN (0x4)

.cfmprotect     0x00000400       0x10
                0x00000400                . = ALIGN (0x4)
 *(.cfmconfig)
 .cfmconfig     0x00000400       0x10 ./Static_Code/System/CPU_Init.o
                0x00000400                _cfm
                0x00000410                . = ALIGN (0x4)

.text           0x00000410     0x3ba8
                0x00000410                . = ALIGN (0x4)
 *(.text)
 .text          0x00000410       0x54 e:/freescale/kds_v3/toolchain/bin/../lib/gcc/arm-none-eabi/4.8.4/armv7e-m/fpu/crtbegin.o
 .text          0x00000464       0x74 e:/freescale/kds_v3/toolchain/bin/../lib/gcc/arm-none-eabi/4.8.4/../../../../arm-none-eabi/lib/armv7e-m/fpu/crt0.o
                0x00000464                _start
                0x00000464                _mainCRTStartup
 .text          0x000004d8       0x4c ./MQXLITE/psp/cortex_m/core/M4/boot.o
                0x000004d8                __boot
                0x00000510                __set_MSP
 *(.text*)
 .text.CPU_SetBASEPRI
                0x00000524       0x18 ./Static_Code/System/CPU_Init.o
                0x00000524                CPU_SetBASEPRI
 .text.__init_hardware
                0x0000053c       0x90 ./Static_Code/System/CPU_Init.o
                0x0000053c                __init_hardware
 .text.PE_low_level_init
                0x000005cc       0x58 ./Static_Code/System/CPU_Init.o
                0x000005cc                PE_low_level_init
 .text.CPU_GetClockGenMode
                0x00000624       0x90 ./Static_Code/System/CPU_Init.o
                0x00000624                CPU_GetClockGenMode
 .text.CPU_SetClockConfigGenMode
                0x000006b4      0x54c ./Static_Code/System/CPU_Init.o
                0x000006b4                CPU_SetClockConfigGenMode
 .text.UnhandledInterrupt
                0x00000c00       0x18 ./Static_Code/System/Vectors.o
                0x00000c00                UnhandledInterrupt
 .text.Cpu_OnNMI
                0x00000c18        0xc ./Sources/Events.o
                0x00000c18                Cpu_OnNMI
 .text.MX28R_RS485_OnBlockReceived
                0x00000c24       0x14 ./Sources/Events.o
                0x00000c24                MX28R_RS485_OnBlockReceived
 .text.MX28R_RS485_OnTxComplete
                0x00000c38       0x14 ./Sources/Events.o
                0x00000c38                MX28R_RS485_OnTxComplete
 .text.thtlInit
                0x00000c4c       0x50 ./Sources/MX28R.o
                0x00000c4c                thtlInit
 .text.thtlGetChecksum
                0x00000c9c       0x5c ./Sources/MX28R.o
                0x00000c9c                thtlGetChecksum
 .text.thtlSetGoalPosition
                0x00000cf8       0x80 ./Sources/MX28R.o
                0x00000cf8                thtlSetGoalPosition
 .text.MX28R_set_task
                0x00000d78      0x114 ./Sources/MX28R.o
                0x00000d78                MX28R_set_task
 .text.MX28R_check_task
                0x00000e8c      0x154 ./Sources/MX28R.o
                0x00000e8c                MX28R_check_task
 .text.MX28R_OnCharRcv
                0x00000fe0       0x14 ./Sources/MX28R.o
                0x00000fe0                MX28R_OnCharRcv
 .text.MX28R_OnCmdTxComplete
                0x00000ff4       0x30 ./Sources/MX28R.o
                0x00000ff4                MX28R_OnCmdTxComplete
 .text.main     0x00001024       0x10 ./Sources/main.o
                0x00001024                main
 .text.Task1_task
                0x00001034       0x14 ./Sources/mqx_tasks.o
                0x00001034                Task1_task
 .text.Task2_task
                0x00001048       0x14 ./Sources/mqx_tasks.o
                0x00001048                Task2_task
 .text.__copy_rom_section
                0x0000105c       0xe4 ./Project_Settings/Startup_Code/startup.o
                0x0000105c                __copy_rom_section
 .text.__copy_rom_sections_to_ram
                0x00001140       0x9c ./Project_Settings/Startup_Code/startup.o
                0x00001140                __copy_rom_sections_to_ram
 .text.__init_registers
                0x000011dc       0x20 ./Project_Settings/Startup_Code/startup.o
                0x000011dc                __init_registers
 .text.__init_user
                0x000011fc        0xc ./Project_Settings/Startup_Code/startup.o
                0x000011fc                __init_user
 .text.__thumb_startup
                0x00001208       0x34 ./Project_Settings/Startup_Code/startup.o
                0x00001208                __thumb_startup
 .text._psp_int_install
                0x0000123c       0x20 ./MQXLITE/psp/cortex_m/int_inst.o
                0x0000123c                _psp_int_install
 .text._int_set_vector_table
                0x0000125c       0x34 ./MQXLITE/psp/cortex_m/int_vtab.o
                0x0000125c                _int_set_vector_table
 .text._mem_zero
                0x00001290      0x1c8 ./MQXLITE/psp/cortex_m/mem_zero.o
                0x00001290                _mem_zero
 .text._psp_int_init
                0x00001458       0x28 ./MQXLITE/psp/cortex_m/psp_iinit.o
                0x00001458                _psp_int_init
 .text._psp_add_ticks
                0x00001480       0x68 ./MQXLITE/psp/cortex_m/psp_tiad.o
                0x00001480                _psp_add_ticks
 .text._psp_normalize_ticks
                0x000014e8       0x58 ./MQXLITE/psp/cortex_m/psp_tinm.o
                0x000014e8                _psp_normalize_ticks
 .text._psp_set_kernel_disable_level
                0x00001540       0xa8 ./MQXLITE/psp/cortex_m/sc_irdyq.o
                0x00001540                _psp_set_kernel_disable_level
 .text._psp_init_readyqs
                0x000015e8       0xa8 ./MQXLITE/psp/cortex_m/sc_irdyq.o
                0x000015e8                _psp_init_readyqs
 .text._psp_build_stack_frame
                0x00001690       0x90 ./MQXLITE/psp/cortex_m/stack_bu.o
                0x00001690                _psp_build_stack_frame
 .text._psp_destroy_stack_frame
                0x00001720       0x14 ./MQXLITE/psp/cortex_m/stack_de.o
                0x00001720                _psp_destroy_stack_frame
 .text._mqx_idle_task
                0x00001734       0x14 ./MQXLITE/kernel/idletask.o
                0x00001734                _mqx_idle_task
 .text._int_default_isr
                0x00001748       0x5c ./MQXLITE/kernel/int.o
                0x00001748                _int_default_isr
 .text._int_disable
                0x000017a4       0x38 ./MQXLITE/kernel/int.o
                0x000017a4                _int_disable
 .text._int_enable
                0x000017dc       0x50 ./MQXLITE/kernel/int.o
                0x000017dc                _int_enable
 .text._int_get_isr_data
                0x0000182c       0x68 ./MQXLITE/kernel/int.o
                0x0000182c                _int_get_isr_data
 .text._int_install_isr
                0x00001894       0x84 ./MQXLITE/kernel/int.o
                0x00001894                _int_install_isr
 .text._int_init
                0x00001918       0x8c ./MQXLITE/kernel/int.o
                0x00001918                _int_init
 .text._lwevent_create_internal
                0x000019a4      0x124 ./MQXLITE/kernel/lwevent.o
                0x000019a4                _lwevent_create_internal
 .text._lwevent_create
                0x00001ac8       0x20 ./MQXLITE/kernel/lwevent.o
                0x00001ac8                _lwevent_create
 .text._lwevent_clear
                0x00001ae8       0x94 ./MQXLITE/kernel/lwevent.o
                0x00001ae8                _lwevent_clear
 .text._lwevent_set
                0x00001b7c      0x1d4 ./MQXLITE/kernel/lwevent.o
                0x00001b7c                _lwevent_set
 .text._lwevent_wait_internal
                0x00001d50      0x1d4 ./MQXLITE/kernel/lwevent.o
                0x00001d50                _lwevent_wait_internal
 .text._lwevent_wait_ticks
                0x00001f24       0x74 ./MQXLITE/kernel/lwevent.o
                0x00001f24                _lwevent_wait_ticks
 .text._lwsem_create_internal
                0x00001f98       0xc8 ./MQXLITE/kernel/lwsem.o
                0x00001f98                _lwsem_create_internal
 .text._lwsem_create
                0x00002060       0x20 ./MQXLITE/kernel/lwsem.o
                0x00002060                _lwsem_create
 .text._lwsem_post
                0x00002080      0x164 ./MQXLITE/kernel/lwsem.o
                0x00002080                _lwsem_post
 .text._lwsem_wait
                0x000021e4      0x128 ./MQXLITE/kernel/lwsem.o
                0x000021e4                _lwsem_wait
 .text._mqx_set_cpu_type
                0x0000230c       0x24 ./MQXLITE/kernel/mqx_utils.o
                0x0000230c                _mqx_set_cpu_type
 .text._mqx_init_kernel_data_internal
                0x00002330      0x190 ./MQXLITE/kernel/mqx_utils.o
                0x00002330                _mqx_init_kernel_data_internal
 .text._mqxlite_init
                0x000024c0      0x104 ./MQXLITE/kernel/mqxlite.o
                0x000024c0                _mqxlite_init
 .text._mqxlite
                0x000025c4       0xc0 ./MQXLITE/kernel/mqxlite.o
                0x000025c4                _mqxlite
 .text._mqx_exit
                0x00002684       0x18 ./MQXLITE/kernel/mqxlite.o
                0x00002684                _mqx_exit
 .text._task_destroy_internal
                0x0000269c      0x268 ./MQXLITE/kernel/task.o
                0x0000269c                _task_destroy_internal
 .text._task_destroy
                0x00002904       0x1c ./MQXLITE/kernel/task.o
                0x00002904                _task_destroy
 .text._task_get_td
                0x00002920       0xc4 ./MQXLITE/kernel/task.o
                0x00002920                _task_get_td
 .text._task_set_error
                0x000029e4       0x4c ./MQXLITE/kernel/task.o
                0x000029e4                _task_set_error
 .text._task_exit_function_internal
                0x00002a30       0x24 ./MQXLITE/kernel/task.o
                0x00002a30                _task_exit_function_internal
 .text._task_init_internal
                0x00002a54      0x198 ./MQXLITE/kernel/task.o
                0x00002a54                _task_init_internal
 .text._task_fill_stack_internal
                0x00002bec       0x38 ./MQXLITE/kernel/task.o
                0x00002bec                _task_fill_stack_internal
 .text._task_ready_internal
                0x00002c24       0x44 ./MQXLITE/kernel/task.o
                0x00002c24                _task_ready_internal
 .text._task_alloc_td_internal
                0x00002c68      0x108 ./MQXLITE/kernel/task.o
                0x00002c68                _task_alloc_td_internal
 .text._task_set_error_td_internal
                0x00002d70       0x30 ./MQXLITE/kernel/task.o
                0x00002d70                _task_set_error_td_internal
 .text._time_delay_for
                0x00002da0       0x74 ./MQXLITE/kernel/time_ticks.o
                0x00002da0                _time_delay_for
 .text._time_delay_internal
                0x00002e14       0xc8 ./MQXLITE/kernel/time_ticks.o
                0x00002e14                _time_delay_internal
 .text._time_delay_ticks
                0x00002edc       0x7c ./MQXLITE/kernel/time_ticks.o
                0x00002edc                _time_delay_ticks
 .text._time_delay_until
                0x00002f58       0x70 ./MQXLITE/kernel/time_ticks.o
                0x00002f58                _time_delay_until
 .text._time_notify_kernel
                0x00002fc8      0x17c ./MQXLITE/kernel/time_ticks.o
                0x00002fc8                _time_notify_kernel
 .text._time_set_hwtick_function
                0x00003144       0x28 ./MQXLITE/kernel/time_ticks.o
                0x00003144                _time_set_hwtick_function
 .text._time_set_hwticks_per_tick
                0x0000316c       0x20 ./MQXLITE/kernel/time_ticks.o
                0x0000316c                _time_set_hwticks_per_tick
 .text.ALIM_12V_RLY_Init
                0x0000318c       0x80 ./Generated_Code/ALIM_12V_RLY.o
                0x0000318c                ALIM_12V_RLY_Init
 .text.Components_Init
                0x0000320c        0xc ./Generated_Code/Cpu.o
                0x0000320c                Components_Init
 .text.Cpu_INT_NMIInterrupt
                0x00003218        0xc ./Generated_Code/Cpu.o
                0x00003218                Cpu_INT_NMIInterrupt
 .text.SystemTimer1_OnCounterRestart
                0x00003224       0x14 ./Generated_Code/MQX1.o
                0x00003224                SystemTimer1_OnCounterRestart
 .text.SystemTimer1_GetTicsPerSecond
                0x00003238       0x2c ./Generated_Code/MQX1.o
                0x00003238                SystemTimer1_GetTicsPerSecond
 .text.system_timer_init
                0x00003264       0x68 ./Generated_Code/MQX1.o
                0x00003264                system_timer_init
 .text.system_timer_start
                0x000032cc       0x20 ./Generated_Code/MQX1.o
                0x000032cc                system_timer_start
 .text.MX28R_DE_Init
                0x000032ec       0x80 ./Generated_Code/MX28R_DE.o
                0x000032ec                MX28R_DE_Init
 .text.MX28R_DE_ClrVal
                0x0000336c       0x20 ./Generated_Code/MX28R_DE.o
                0x0000336c                MX28R_DE_ClrVal
 .text.MX28R_DE_SetVal
                0x0000338c       0x20 ./Generated_Code/MX28R_DE.o
                0x0000338c                MX28R_DE_SetVal
 .text.MX28R_RE_Init
                0x000033ac       0x80 ./Generated_Code/MX28R_RE.o
                0x000033ac                MX28R_RE_Init
 .text.MX28R_RE_ClrVal
                0x0000342c       0x20 ./Generated_Code/MX28R_RE.o
                0x0000342c                MX28R_RE_ClrVal
 .text.MX28R_RE_SetVal
                0x0000344c       0x20 ./Generated_Code/MX28R_RE.o
                0x0000344c                MX28R_RE_SetVal
 .text.MX28R_RS485_Init
                0x0000346c      0x1f0 ./Generated_Code/MX28R_RS485.o
                0x0000346c                MX28R_RS485_Init
 .text.MX28R_RS485_ReceiveBlock
                0x0000365c       0x4c ./Generated_Code/MX28R_RS485.o
                0x0000365c                MX28R_RS485_ReceiveBlock
 .text.MX28R_RS485_SendBlock
                0x000036a8       0x78 ./Generated_Code/MX28R_RS485.o
                0x000036a8                MX28R_RS485_SendBlock
 .text.InterruptRx
                0x00003720       0x58 ./Generated_Code/MX28R_RS485.o
 .text.InterruptTx
                0x00003778       0x94 ./Generated_Code/MX28R_RS485.o
 .text.MX28R_RS485_Interrupt
                0x0000380c       0x90 ./Generated_Code/MX28R_RS485.o
                0x0000380c                MX28R_RS485_Interrupt
 .text.SystemTimer1_Init
                0x0000389c       0x84 ./Generated_Code/SystemTimer1.o
                0x0000389c                SystemTimer1_Init
 .text.SystemTimer1_Enable
                0x00003920       0x28 ./Generated_Code/SystemTimer1.o
                0x00003920                SystemTimer1_Enable
 .text.SystemTimer1_GetInputFrequency
                0x00003948       0x18 ./Generated_Code/SystemTimer1.o
                0x00003948                SystemTimer1_GetInputFrequency
 .text.SystemTimer1_GetPeriodTicks
                0x00003960       0x3c ./Generated_Code/SystemTimer1.o
                0x00003960                SystemTimer1_GetPeriodTicks
 .text.SystemTimer1_GetCounterValue
                0x0000399c       0x1c ./Generated_Code/SystemTimer1.o
                0x0000399c                SystemTimer1_GetCounterValue
 .text.SystemTimer1_Interrupt
                0x000039b8       0x2c ./Generated_Code/SystemTimer1.o
                0x000039b8                SystemTimer1_Interrupt
 .text.exit     0x000039e4       0x28 e:/freescale/kds_v3/toolchain/bin/../lib/gcc/arm-none-eabi/4.8.4/../../../../arm-none-eabi/lib/armv7e-m/fpu\libg_s.a(lib_a-exit.o)
                0x000039e4                exit
 .text.__libc_init_array
                0x00003a0c       0x4c e:/freescale/kds_v3/toolchain/bin/../lib/gcc/arm-none-eabi/4.8.4/../../../../arm-none-eabi/lib/armv7e-m/fpu\libg_s.a(lib_a-init.o)
                0x00003a0c                __libc_init_array
 .text.memset   0x00003a58       0x10 e:/freescale/kds_v3/toolchain/bin/../lib/gcc/arm-none-eabi/4.8.4/../../../../arm-none-eabi/lib/armv7e-m/fpu\libg_s.a(lib_a-memset.o)
                0x00003a58                memset
 .text._exit    0x00003a68        0x4 e:/freescale/kds_v3/toolchain/bin/../lib/gcc/arm-none-eabi/4.8.4/../../../../arm-none-eabi/lib/armv7e-m/fpu\libnosys.a(_exit.o)
                0x00003a68                _exit
 *(.rodata)
 .rodata        0x00003a6c       0x10 ./MQXLITE/kernel/mqx_utils.o
 .rodata        0x00003a7c       0xd8 ./MQXLITE/kernel/mqxlite.o
 .rodata        0x00003b54       0x10 ./MQXLITE/config/task_template_list.o
 *(.rodata*)
 .rodata.ClockGenModeMatrix
                0x00003b64       0x80 ./Static_Code/System/CPU_Init.o
 .rodata.CPU_ClockConfigDescriptors
                0x00003be4       0x1c ./Static_Code/System/CPU_Init.o
 .rodata.CPU_DefaultFEI
                0x00003c00        0x8 ./Static_Code/System/CPU_Init.o
 .rodata.CPU_DefaultFBI
                0x00003c08        0x8 ./Static_Code/System/CPU_Init.o
 .rodata.CPU_DefaultBLPI
                0x00003c10        0x8 ./Static_Code/System/CPU_Init.o
 .rodata.CPU_DefaultFEE
                0x00003c18        0x8 ./Static_Code/System/CPU_Init.o
 .rodata.CPU_DefaultFBE
                0x00003c20        0x8 ./Static_Code/System/CPU_Init.o
 .rodata.CPU_DefaultBLPE
                0x00003c28        0x8 ./Static_Code/System/CPU_Init.o
 .rodata.CPU_DefaultPBE
                0x00003c30        0x8 ./Static_Code/System/CPU_Init.o
 .rodata.CPU_DefaultPEE
                0x00003c38        0x8 ./Static_Code/System/CPU_Init.o
 .rodata.CPU_ClockGenModeRegs
                0x00003c40       0x20 ./Static_Code/System/CPU_Init.o
 .rodata._mqx_version_number
                0x00003c60        0x4 ./MQXLITE/kernel/mqxlite.o
                0x00003c60                _mqx_version_number
 .rodata._mqx_vendor
                0x00003c64        0x4 ./MQXLITE/kernel/mqxlite.o
                0x00003c64                _mqx_vendor
 .rodata._mqx_path
                0x00003c68        0x4 ./MQXLITE/kernel/mqxlite.o
                0x00003c68                _mqx_path
 .rodata._mqxlite_version_number
                0x00003c6c        0x4 ./MQXLITE/kernel/mqxlite.o
                0x00003c6c                _mqxlite_version_number
 .rodata.MQX_template_list
                0x00003c70       0x54 ./MQXLITE/config/task_template_list.o
                0x00003c70                MQX_template_list
 .rodata.MQX_init_struct
                0x00003cc4       0x24 ./Generated_Code/MQX1.o
                0x00003cc4                MQX_init_struct
 .rodata.str1.1
                0x00003ce8        0x2 e:/freescale/kds_v3/toolchain/bin/../lib/gcc/arm-none-eabi/4.8.4/../../../../arm-none-eabi/lib/armv7e-m/fpu\libg_s.a(lib_a-impure.o)
 *fill*         0x00003cea        0x2 
 .rodata._global_impure_ptr
                0x00003cec        0x4 e:/freescale/kds_v3/toolchain/bin/../lib/gcc/arm-none-eabi/4.8.4/../../../../arm-none-eabi/lib/armv7e-m/fpu\libg_s.a(lib_a-impure.o)
                0x00003cec                _global_impure_ptr
 .rodata.__sf_fake_stdin
                0x00003cf0       0x20 e:/freescale/kds_v3/toolchain/bin/../lib/gcc/arm-none-eabi/4.8.4/../../../../arm-none-eabi/lib/armv7e-m/fpu\libg_s.a(lib_a-findfp.o)
                0x00003cf0                __sf_fake_stdin
 .rodata.__sf_fake_stdout
                0x00003d10       0x20 e:/freescale/kds_v3/toolchain/bin/../lib/gcc/arm-none-eabi/4.8.4/../../../../arm-none-eabi/lib/armv7e-m/fpu\libg_s.a(lib_a-findfp.o)
                0x00003d10                __sf_fake_stdout
 .rodata.__sf_fake_stderr
                0x00003d30       0x20 e:/freescale/kds_v3/toolchain/bin/../lib/gcc/arm-none-eabi/4.8.4/../../../../arm-none-eabi/lib/armv7e-m/fpu\libg_s.a(lib_a-findfp.o)
                0x00003d30                __sf_fake_stderr
 *(.glue_7)
 .glue_7        0x00000000        0x0 linker stubs
 *(.glue_7t)
 .glue_7t       0x00000000        0x0 linker stubs
 *(.eh_frame)
 .eh_frame      0x00003d50        0x0 e:/freescale/kds_v3/toolchain/bin/../lib/gcc/arm-none-eabi/4.8.4/armv7e-m/fpu/crtbegin.o
 *(.init)
 .init          0x00003d50        0x4 e:/freescale/kds_v3/toolchain/bin/../lib/gcc/arm-none-eabi/4.8.4/armv7e-m/fpu/crti.o
                0x00003d50                _init
 .init          0x00003d54        0x8 e:/freescale/kds_v3/toolchain/bin/../lib/gcc/arm-none-eabi/4.8.4/armv7e-m/fpu/crtn.o
 *(.fini)
 .fini          0x00003d5c        0x4 e:/freescale/kds_v3/toolchain/bin/../lib/gcc/arm-none-eabi/4.8.4/armv7e-m/fpu/crti.o
                0x00003d5c                _fini
 .fini          0x00003d60        0x8 e:/freescale/kds_v3/toolchain/bin/../lib/gcc/arm-none-eabi/4.8.4/armv7e-m/fpu/crtn.o
                0x00003d68                . = ALIGN (0x4)
 *(KERNEL)
 KERNEL         0x00003d68      0x250 ./MQXLITE/psp/cortex_m/core/M4/dispatch.o
                0x00003d68                _sched_start_internal
                0x00003d6c                _sched_run_internal
                0x00003d72                _sched_check_scheduler_internal
                0x00003d90                _sched_execute_scheduler_internal
                0x00003d94                _mqx_api_call
                0x00003d98                _task_block
                0x00003d9c                _svc_handler
                0x00003e1e                _pend_svc
                0x00003e86                _int_kernel_isr
                0x00003f0e                _psp_exception_return
                0x00003f48                _psp_save_fp_context_internal
                0x00003f4a                _mem_test_and_set
                0x00003f68                __get_PSP
                0x00003f6e                __get_MSP
                0x00003f7a                __get_PSR
                0x00003f80                __enable_interrupt
                0x00003f84                __disable_interrupt
                0x00003f88                __get_LR
                0x00003f8c                __get_PC
                0x00003f90                __get_CONTROL
                0x00000000                __VECTOR_TABLE_START = __vector_table
                0x00003fb8                . = ALIGN (0x4)
 *(.rdata)
                0x00003fb8                . = ALIGN (0x4)
 *(.exception)
                0x00003fb8                . = ALIGN (0x4)
                0x00003fb8                __exception_table_start__ = .
                0x00003fb8                __exception_table_end__ = .
                0x00003fb8                __sinit__ = .
                0x00003fb8                _etext = .

.vfp11_veneer   0x00003fb8        0x0
 .vfp11_veneer  0x00000000        0x0 linker stubs

.v4_bx          0x00003fb8        0x0
 .v4_bx         0x00000000        0x0 linker stubs

.iplt           0x00003fb8        0x0
 .iplt          0x00000000        0x0 e:/freescale/kds_v3/toolchain/bin/../lib/gcc/arm-none-eabi/4.8.4/armv7e-m/fpu/crtbegin.o

.ARM.extab
 *(.ARM.extab* .gnu.linkonce.armextab.*)

.ARM            0x00003fb8        0x8
                0x00003fb8                __exidx_start = .
 *(.ARM.exidx*)
 .ARM.exidx     0x00003fb8        0x8 e:/freescale/kds_v3/toolchain/bin/../lib/gcc/arm-none-eabi/4.8.4/../../../../arm-none-eabi/lib/armv7e-m/fpu/crt0.o
                0x00003fc0                __exidx_end = .

.rel.dyn        0x00003fc0        0x0
 .rel.iplt      0x00000000        0x0 e:/freescale/kds_v3/toolchain/bin/../lib/gcc/arm-none-eabi/4.8.4/armv7e-m/fpu/crtbegin.o

.ctors          0x00003fc0        0x0
                0x00003fc0                __CTOR_LIST__ = .
 *crtbegin.o(.ctors)
 *(EXCLUDE_FILE(*crtend.o) .ctors)
 *(SORT(.ctors.*))
 *(.ctors)
                0x00003fc0                __CTOR_END__ = .

.dtors          0x00003fc0        0x0
                0x00003fc0                __DTOR_LIST__ = .
 *crtbegin.o(.dtors)
 *(EXCLUDE_FILE(*crtend.o) .dtors)
 *(SORT(.dtors.*))
 *(.dtors)
                0x00003fc0                __DTOR_END__ = .

.preinit_array  0x00003fc0        0x0
                0x00003fc0                PROVIDE (__preinit_array_start, .)
 *(.preinit_array*)
                0x00003fc0                PROVIDE (__preinit_array_end, .)

.init_array     0x00003fc0        0x4
                0x00003fc0                PROVIDE (__init_array_start, .)
 *(SORT(.init_array.*))
 *(.init_array*)
 .init_array    0x00003fc0        0x4 e:/freescale/kds_v3/toolchain/bin/../lib/gcc/arm-none-eabi/4.8.4/armv7e-m/fpu/crtbegin.o
                0x00003fc4                PROVIDE (__init_array_end, .)

.fini_array     0x00003fc4        0x4
                0x00003fc4                PROVIDE (__fini_array_start, .)
 *(SORT(.fini_array.*))
 *(.fini_array*)
 .fini_array    0x00003fc4        0x4 e:/freescale/kds_v3/toolchain/bin/../lib/gcc/arm-none-eabi/4.8.4/armv7e-m/fpu/crtbegin.o
                0x00003fc8                PROVIDE (__fini_array_end, .)
                0x00003fc8                ___ROM_AT = .

.data           0x20000000       0x70 load address 0x00003fc8
                0x20000000                . = ALIGN (0x4)
                0x20000000                _sdata = .
 *(.data)
 *(.data*)
 .data._mqx_kernel_data
                0x20000000        0x4 ./MQXLITE/kernel/mqxlite.o
                0x20000000                _mqx_kernel_data
 .data.mqx_task_stack_pointers
                0x20000004        0xc ./Generated_Code/MQX1.o
                0x20000004                mqx_task_stack_pointers
 .data.impure_data
                0x20000010       0x60 e:/freescale/kds_v3/toolchain/bin/../lib/gcc/arm-none-eabi/4.8.4/../../../../arm-none-eabi/lib/armv7e-m/fpu\libg_s.a(lib_a-impure.o)
                0x20000070                . = ALIGN (0x4)
                0x20000070                _edata = .
                0x00000070                ___data_size = (_edata - _sdata)
                0x00004038                ___m_data_1FFF0000_ROMStart = (___ROM_AT + SIZEOF (.data))

.jcr            0x20000070        0x0 load address 0x00004038
 .jcr           0x20000070        0x0 e:/freescale/kds_v3/toolchain/bin/../lib/gcc/arm-none-eabi/4.8.4/armv7e-m/fpu/crtbegin.o

.igot.plt       0x20000070        0x0 load address 0x00004038
 .igot.plt      0x00000000        0x0 e:/freescale/kds_v3/toolchain/bin/../lib/gcc/arm-none-eabi/4.8.4/armv7e-m/fpu/crtbegin.o

.m_data_1FFF0000
                0x1fff0000        0x0 load address 0x00004038
                0x1fff0000                . = ALIGN (0x4)
                0x1fff0000                ___m_data_1FFF0000_RAMStart = .
 *(.m_data_1FFF0000)
                0x1fff0000                ___m_data_1FFF0000_RAMEnd = .
                0x1fff0000                . = ALIGN (0x4)
                0x00000000                ___m_data_1FFF0000_ROMSize = (___m_data_1FFF0000_RAMEnd - ___m_data_1FFF0000_RAMStart)
                0x1fff0000                . = ALIGN (0x4)

.bss            0x20000070      0xd1c load address 0x00004038
                0x20000070                __START_BSS = .
                0x20000070                PROVIDE (__bss_start__, __START_BSS)
 *(.bss)
 .bss           0x20000070       0x1c e:/freescale/kds_v3/toolchain/bin/../lib/gcc/arm-none-eabi/4.8.4/armv7e-m/fpu/crtbegin.o
 *(.bss*)
 .bss.DeviceDataPrv__DEFAULT_RTOS_ALLOC
                0x2000008c        0x4 ./Generated_Code/ALIM_12V_RLY.o
 .bss.SystemTimerDeviceDataPtr
                0x20000090        0x4 ./Generated_Code/MQX1.o
 .bss.DeviceDataPrv__DEFAULT_RTOS_ALLOC
                0x20000094        0x4 ./Generated_Code/MX28R_DE.o
 .bss.DeviceDataPrv__DEFAULT_RTOS_ALLOC
                0x20000098        0x4 ./Generated_Code/MX28R_RE.o
 .bss.DeviceDataPrv__DEFAULT_RTOS_ALLOC
                0x2000009c       0x20 ./Generated_Code/MX28R_RS485.o
 .bss.PE_LDD_DeviceDataList
                0x200000bc       0x14 ./Generated_Code/PE_LDD.o
                0x200000bc                PE_LDD_DeviceDataList
 .bss.DeviceDataPrv__DEFAULT_RTOS_ALLOC
                0x200000d0        0xc ./Generated_Code/SystemTimer1.o
 *(COMMON)
 COMMON         0x200000dc       0x68 ./Sources/Events.o
                0x200000dc                lwevent_RS485
                0x20000100                MX28R_RE_Ptr
                0x20000104                MX28R_DE_Ptr
                0x20000108                MX28R_RS485_Ptr
                0x2000010c                lwevent_setThrottle
                0x20000130                TxData
 COMMON         0x20000144       0x10 ./MQXLITE/kernel/mqxlite.o
                0x20000144                _mqx_zero_tick_struct
                0x20000150                _mqx_system_stack
 COMMON         0x20000154      0xc38 ./Generated_Code/MQX1.o
                0x20000154                _mqx_kernel_data_struct
                0x20000398                mqx_interrupt_stack
                0x200004a8                mqx_static_ready_queue
                0x20000558                mqx_static_isr_table
                0x20000708                mqx_idle_task_stack
                0x20000874                Task2_task_stack
                0x20000b00                Task1_task_stack
                0x20000d8c                . = ALIGN (0x4)
                0x20000d8c                __END_BSS = .
                0x20000d8c                PROVIDE (__bss_end__, __END_BSS)
                0x00004038                _romp_at = ((___ROM_AT + SIZEOF (.data)) + SIZEOF (.m_data_1FFF0000))

.romp           0x20000d8c       0x24 load address 0x00004038
                0x00004038                __S_romp = _romp_at
                0x20000d8c        0x4 LONG 0x3fc8 ___ROM_AT
                0x20000d90        0x4 LONG 0x20000000 _sdata
                0x20000d94        0x4 LONG 0x70 ___data_size
                0x20000d98        0x4 LONG 0x4038 ___m_data_1FFF0000_ROMStart
                0x20000d9c        0x4 LONG 0x1fff0000 ___m_data_1FFF0000_RAMStart
                0x20000da0        0x4 LONG 0x0 ___m_data_1FFF0000_ROMSize
                0x20000da4        0x4 LONG 0x0
                0x20000da8        0x4 LONG 0x0
                0x20000dac        0x4 LONG 0x0
                0x00100000                text_end = (ORIGIN (m_text) + 0xffbf0)
                0x0000405c                data_init_end = ((___m_data_1FFF0000_ROMStart + SIZEOF (.m_data_1FFF0000)) + SIZEOF (.romp))
                0x00000001                ASSERT ((data_init_end <= text_end), region m_text overflowed with text and data)

._user_heap_stack
                0x20000db0      0x400 load address 0x0000405c
                0x20000db0                . = ALIGN (0x4)
                0x20000db0                PROVIDE (end, .)
                0x20000db0                PROVIDE (_end, .)
                0x20000db0                PROVIDE (__end__, .)
                0x20000db0                __heap_addr = .
                0x20000db0                __HeapBase = .
                0x20000db0                . = (. + __heap_size)
                0x20000db0                __HeapLimit = .
                0x200011b0                . = (. + __stack_size)
 *fill*         0x20000db0      0x400 
                0x200011b0                . = ALIGN (0x4)

.ARM.attributes
                0x00000000       0x30
 *(.ARM.attributes)
 .ARM.attributes
                0x00000000       0x22 e:/freescale/kds_v3/toolchain/bin/../lib/gcc/arm-none-eabi/4.8.4/armv7e-m/fpu/crti.o
 .ARM.attributes
                0x00000022       0x34 e:/freescale/kds_v3/toolchain/bin/../lib/gcc/arm-none-eabi/4.8.4/armv7e-m/fpu/crtbegin.o
 .ARM.attributes
                0x00000056       0x20 e:/freescale/kds_v3/toolchain/bin/../lib/gcc/arm-none-eabi/4.8.4/../../../../arm-none-eabi/lib/armv7e-m/fpu/crt0.o
 .ARM.attributes
                0x00000076       0x39 ./Static_Code/System/CPU_Init.o
 .ARM.attributes
                0x000000af       0x39 ./Static_Code/System/Vectors.o
 .ARM.attributes
                0x000000e8       0x39 ./Sources/Events.o
 .ARM.attributes
                0x00000121       0x39 ./Sources/MX28R.o
 .ARM.attributes
                0x0000015a       0x39 ./Sources/main.o
 .ARM.attributes
                0x00000193       0x39 ./Sources/mqx_tasks.o
 .ARM.attributes
                0x000001cc       0x39 ./Project_Settings/Startup_Code/startup.o
 .ARM.attributes
                0x00000205       0x25 ./MQXLITE/psp/cortex_m/core/M4/boot.o
 .ARM.attributes
                0x0000022a       0x25 ./MQXLITE/psp/cortex_m/core/M4/dispatch.o
 .ARM.attributes
                0x0000024f       0x39 ./MQXLITE/psp/cortex_m/int_inst.o
 .ARM.attributes
                0x00000288       0x39 ./MQXLITE/psp/cortex_m/int_vtab.o
 .ARM.attributes
                0x000002c1       0x39 ./MQXLITE/psp/cortex_m/mem_zero.o
 .ARM.attributes
                0x000002fa       0x39 ./MQXLITE/psp/cortex_m/psp_iinit.o
 .ARM.attributes
                0x00000333       0x39 ./MQXLITE/psp/cortex_m/psp_tiad.o
 .ARM.attributes
                0x0000036c       0x39 ./MQXLITE/psp/cortex_m/psp_tinm.o
 .ARM.attributes
                0x000003a5       0x39 ./MQXLITE/psp/cortex_m/sc_irdyq.o
 .ARM.attributes
                0x000003de       0x39 ./MQXLITE/psp/cortex_m/stack_bu.o
 .ARM.attributes
                0x00000417       0x39 ./MQXLITE/psp/cortex_m/stack_de.o
 .ARM.attributes
                0x00000450       0x39 ./MQXLITE/kernel/idletask.o
 .ARM.attributes
                0x00000489       0x39 ./MQXLITE/kernel/int.o
 .ARM.attributes
                0x000004c2       0x39 ./MQXLITE/kernel/lwevent.o
 .ARM.attributes
                0x000004fb       0x39 ./MQXLITE/kernel/lwsem.o
 .ARM.attributes
                0x00000534       0x39 ./MQXLITE/kernel/mqx_utils.o
 .ARM.attributes
                0x0000056d       0x39 ./MQXLITE/kernel/mqxlite.o
 .ARM.attributes
                0x000005a6       0x39 ./MQXLITE/kernel/task.o
 .ARM.attributes
                0x000005df       0x39 ./MQXLITE/kernel/time_ticks.o
 .ARM.attributes
                0x00000618       0x39 ./MQXLITE/config/task_template_list.o
 .ARM.attributes
                0x00000651       0x39 ./Generated_Code/ALIM_12V_RLY.o
 .ARM.attributes
                0x0000068a       0x39 ./Generated_Code/Cpu.o
 .ARM.attributes
                0x000006c3       0x39 ./Generated_Code/MQX1.o
 .ARM.attributes
                0x000006fc       0x39 ./Generated_Code/MX28R_DE.o
 .ARM.attributes
                0x00000735       0x39 ./Generated_Code/MX28R_RE.o
 .ARM.attributes
                0x0000076e       0x39 ./Generated_Code/MX28R_RS485.o
 .ARM.attributes
                0x000007a7       0x39 ./Generated_Code/PE_LDD.o
 .ARM.attributes
                0x000007e0       0x39 ./Generated_Code/SystemTimer1.o
 .ARM.attributes
                0x00000819       0x34 e:/freescale/kds_v3/toolchain/bin/../lib/gcc/arm-none-eabi/4.8.4/../../../../arm-none-eabi/lib/armv7e-m/fpu\libg_s.a(lib_a-exit.o)
 .ARM.attributes
                0x0000084d       0x34 e:/freescale/kds_v3/toolchain/bin/../lib/gcc/arm-none-eabi/4.8.4/../../../../arm-none-eabi/lib/armv7e-m/fpu\libg_s.a(lib_a-impure.o)
 .ARM.attributes
                0x00000881       0x34 e:/freescale/kds_v3/toolchain/bin/../lib/gcc/arm-none-eabi/4.8.4/../../../../arm-none-eabi/lib/armv7e-m/fpu\libg_s.a(lib_a-init.o)
 .ARM.attributes
                0x000008b5       0x34 e:/freescale/kds_v3/toolchain/bin/../lib/gcc/arm-none-eabi/4.8.4/../../../../arm-none-eabi/lib/armv7e-m/fpu\libg_s.a(lib_a-memset.o)
 .ARM.attributes
                0x000008e9       0x34 e:/freescale/kds_v3/toolchain/bin/../lib/gcc/arm-none-eabi/4.8.4/../../../../arm-none-eabi/lib/armv7e-m/fpu\libg_s.a(lib_a-findfp.o)
 .ARM.attributes
                0x0000091d       0x34 e:/freescale/kds_v3/toolchain/bin/../lib/gcc/arm-none-eabi/4.8.4/../../../../arm-none-eabi/lib/armv7e-m/fpu\libnosys.a(_exit.o)
 .ARM.attributes
                0x00000951       0x22 e:/freescale/kds_v3/toolchain/bin/../lib/gcc/arm-none-eabi/4.8.4/armv7e-m/fpu/crtn.o
OUTPUT(MX28R_Dev.elf elf32-littlearm)

.debug_info     0x00000000    0x1267b
 .debug_info    0x00000000      0xe9d ./Static_Code/System/CPU_Init.o
 .debug_info    0x00000e9d      0xac0 ./Static_Code/System/Vectors.o
 .debug_info    0x0000195d      0x51d ./Sources/Events.o
 .debug_info    0x00001e7a      0x726 ./Sources/MX28R.o
 .debug_info    0x000025a0       0xa1 ./Sources/main.o
 .debug_info    0x00002641      0x515 ./Sources/mqx_tasks.o
 .debug_info    0x00002b56      0x3b0 ./Project_Settings/Startup_Code/startup.o
 .debug_info    0x00002f06       0x7b ./MQXLITE/psp/cortex_m/core/M4/boot.o
 .debug_info    0x00002f81       0x7f ./MQXLITE/psp/cortex_m/core/M4/dispatch.o
 .debug_info    0x00003000      0x991 ./MQXLITE/psp/cortex_m/int_inst.o
 .debug_info    0x00003991      0x33d ./MQXLITE/psp/cortex_m/int_vtab.o
 .debug_info    0x00003cce      0x144 ./MQXLITE/psp/cortex_m/mem_zero.o
 .debug_info    0x00003e12       0xe2 ./MQXLITE/psp/cortex_m/psp_iinit.o
 .debug_info    0x00003ef4      0xa29 ./MQXLITE/psp/cortex_m/psp_tiad.o
 .debug_info    0x0000491d      0xa22 ./MQXLITE/psp/cortex_m/psp_tinm.o
 .debug_info    0x0000533f      0xbd0 ./MQXLITE/psp/cortex_m/sc_irdyq.o
 .debug_info    0x00005f0f      0x62c ./MQXLITE/psp/cortex_m/stack_bu.o
 .debug_info    0x0000653b      0x409 ./MQXLITE/psp/cortex_m/stack_de.o
 .debug_info    0x00006944      0x9a4 ./MQXLITE/kernel/idletask.o
 .debug_info    0x000072e8      0xd87 ./MQXLITE/kernel/int.o
 .debug_info    0x0000806f     0x1052 ./MQXLITE/kernel/lwevent.o
 .debug_info    0x000090c1     0x1011 ./MQXLITE/kernel/lwsem.o
 .debug_info    0x0000a0d2      0xb43 ./MQXLITE/kernel/mqx_utils.o
 .debug_info    0x0000ac15      0xef4 ./MQXLITE/kernel/mqxlite.o
 .debug_info    0x0000bb09     0x1f83 ./MQXLITE/kernel/task.o
 .debug_info    0x0000da8c      0xfd2 ./MQXLITE/kernel/time_ticks.o
 .debug_info    0x0000ea5e      0x40b ./MQXLITE/config/task_template_list.o
 .debug_info    0x0000ee69      0x523 ./Generated_Code/ALIM_12V_RLY.o
 .debug_info    0x0000f38c       0xbb ./Generated_Code/Cpu.o
 .debug_info    0x0000f447      0xeec ./Generated_Code/MQX1.o
 .debug_info    0x00010333      0x523 ./Generated_Code/MX28R_DE.o
 .debug_info    0x00010856      0x523 ./Generated_Code/MX28R_RE.o
 .debug_info    0x00010d79      0xc25 ./Generated_Code/MX28R_RS485.o
 .debug_info    0x0001199e      0x501 ./Generated_Code/PE_LDD.o
 .debug_info    0x00011e9f      0x7dc ./Generated_Code/SystemTimer1.o

.debug_abbrev   0x00000000     0x2cee
 .debug_abbrev  0x00000000      0x1e5 ./Static_Code/System/CPU_Init.o
 .debug_abbrev  0x000001e5       0xee ./Static_Code/System/Vectors.o
 .debug_abbrev  0x000002d3       0xf5 ./Sources/Events.o
 .debug_abbrev  0x000003c8      0x15d ./Sources/MX28R.o
 .debug_abbrev  0x00000525       0x47 ./Sources/main.o
 .debug_abbrev  0x0000056c       0xdd ./Sources/mqx_tasks.o
 .debug_abbrev  0x00000649      0x189 ./Project_Settings/Startup_Code/startup.o
 .debug_abbrev  0x000007d2       0x14 ./MQXLITE/psp/cortex_m/core/M4/boot.o
 .debug_abbrev  0x000007e6       0x14 ./MQXLITE/psp/cortex_m/core/M4/dispatch.o
 .debug_abbrev  0x000007fa      0x12e ./MQXLITE/psp/cortex_m/int_inst.o
 .debug_abbrev  0x00000928      0x120 ./MQXLITE/psp/cortex_m/int_vtab.o
 .debug_abbrev  0x00000a48       0x80 ./MQXLITE/psp/cortex_m/mem_zero.o
 .debug_abbrev  0x00000ac8       0x72 ./MQXLITE/psp/cortex_m/psp_iinit.o
 .debug_abbrev  0x00000b3a      0x13d ./MQXLITE/psp/cortex_m/psp_tiad.o
 .debug_abbrev  0x00000c77      0x155 ./MQXLITE/psp/cortex_m/psp_tinm.o
 .debug_abbrev  0x00000dcc      0x192 ./MQXLITE/psp/cortex_m/sc_irdyq.o
 .debug_abbrev  0x00000f5e      0x117 ./MQXLITE/psp/cortex_m/stack_bu.o
 .debug_abbrev  0x00001075       0xdc ./MQXLITE/psp/cortex_m/stack_de.o
 .debug_abbrev  0x00001151      0x144 ./MQXLITE/kernel/idletask.o
 .debug_abbrev  0x00001295      0x1ff ./MQXLITE/kernel/int.o
 .debug_abbrev  0x00001494      0x1dd ./MQXLITE/kernel/lwevent.o
 .debug_abbrev  0x00001671      0x1c7 ./MQXLITE/kernel/lwsem.o
 .debug_abbrev  0x00001838      0x1e1 ./MQXLITE/kernel/mqx_utils.o
 .debug_abbrev  0x00001a19      0x1e3 ./MQXLITE/kernel/mqxlite.o
 .debug_abbrev  0x00001bfc      0x276 ./MQXLITE/kernel/task.o
 .debug_abbrev  0x00001e72      0x200 ./MQXLITE/kernel/time_ticks.o
 .debug_abbrev  0x00002072       0xba ./MQXLITE/config/task_template_list.o
 .debug_abbrev  0x0000212c      0x15d ./Generated_Code/ALIM_12V_RLY.o
 .debug_abbrev  0x00002289       0x59 ./Generated_Code/Cpu.o
 .debug_abbrev  0x000022e2      0x1bd ./Generated_Code/MQX1.o
 .debug_abbrev  0x0000249f      0x15d ./Generated_Code/MX28R_DE.o
 .debug_abbrev  0x000025fc      0x15d ./Generated_Code/MX28R_RE.o
 .debug_abbrev  0x00002759      0x240 ./Generated_Code/MX28R_RS485.o
 .debug_abbrev  0x00002999      0x123 ./Generated_Code/PE_LDD.o
 .debug_abbrev  0x00002abc      0x232 ./Generated_Code/SystemTimer1.o

.debug_aranges  0x00000000      0xc88
 .debug_aranges
                0x00000000       0x40 ./Static_Code/System/CPU_Init.o
 .debug_aranges
                0x00000040      0x340 ./Static_Code/System/Vectors.o
 .debug_aranges
                0x00000380       0x30 ./Sources/Events.o
 .debug_aranges
                0x000003b0       0x58 ./Sources/MX28R.o
 .debug_aranges
                0x00000408       0x20 ./Sources/main.o
 .debug_aranges
                0x00000428       0x28 ./Sources/mqx_tasks.o
 .debug_aranges
                0x00000450       0x50 ./Project_Settings/Startup_Code/startup.o
 .debug_aranges
                0x000004a0       0x20 ./MQXLITE/psp/cortex_m/core/M4/boot.o
 .debug_aranges
                0x000004c0       0x20 ./MQXLITE/psp/cortex_m/core/M4/dispatch.o
 .debug_aranges
                0x000004e0       0x20 ./MQXLITE/psp/cortex_m/int_inst.o
 .debug_aranges
                0x00000500       0x28 ./MQXLITE/psp/cortex_m/int_vtab.o
 .debug_aranges
                0x00000528       0x20 ./MQXLITE/psp/cortex_m/mem_zero.o
 .debug_aranges
                0x00000548       0x20 ./MQXLITE/psp/cortex_m/psp_iinit.o
 .debug_aranges
                0x00000568       0x20 ./MQXLITE/psp/cortex_m/psp_tiad.o
 .debug_aranges
                0x00000588       0x20 ./MQXLITE/psp/cortex_m/psp_tinm.o
 .debug_aranges
                0x000005a8       0x28 ./MQXLITE/psp/cortex_m/sc_irdyq.o
 .debug_aranges
                0x000005d0       0x20 ./MQXLITE/psp/cortex_m/stack_bu.o
 .debug_aranges
                0x000005f0       0x20 ./MQXLITE/psp/cortex_m/stack_de.o
 .debug_aranges
                0x00000610       0x20 ./MQXLITE/kernel/idletask.o
 .debug_aranges
                0x00000630       0x90 ./MQXLITE/kernel/int.o
 .debug_aranges
                0x000006c0       0x80 ./MQXLITE/kernel/lwevent.o
 .debug_aranges
                0x00000740       0x80 ./MQXLITE/kernel/lwsem.o
 .debug_aranges
                0x000007c0       0x60 ./MQXLITE/kernel/mqx_utils.o
 .debug_aranges
                0x00000820       0x30 ./MQXLITE/kernel/mqxlite.o
 .debug_aranges
                0x00000850      0x160 ./MQXLITE/kernel/task.o
 .debug_aranges
                0x000009b0       0xb8 ./MQXLITE/kernel/time_ticks.o
 .debug_aranges
                0x00000a68       0x18 ./MQXLITE/config/task_template_list.o
 .debug_aranges
                0x00000a80       0x40 ./Generated_Code/ALIM_12V_RLY.o
 .debug_aranges
                0x00000ac0       0x28 ./Generated_Code/Cpu.o
 .debug_aranges
                0x00000ae8       0x40 ./Generated_Code/MQX1.o
 .debug_aranges
                0x00000b28       0x40 ./Generated_Code/MX28R_DE.o
 .debug_aranges
                0x00000b68       0x40 ./Generated_Code/MX28R_RE.o
 .debug_aranges
                0x00000ba8       0x50 ./Generated_Code/MX28R_RS485.o
 .debug_aranges
                0x00000bf8       0x30 ./Generated_Code/PE_LDD.o
 .debug_aranges
                0x00000c28       0x60 ./Generated_Code/SystemTimer1.o

.debug_ranges   0x00000000      0xa30
 .debug_ranges  0x00000000       0x30 ./Static_Code/System/CPU_Init.o
 .debug_ranges  0x00000030      0x330 ./Static_Code/System/Vectors.o
 .debug_ranges  0x00000360       0x20 ./Sources/Events.o
 .debug_ranges  0x00000380       0x48 ./Sources/MX28R.o
 .debug_ranges  0x000003c8       0x10 ./Sources/main.o
 .debug_ranges  0x000003d8       0x18 ./Sources/mqx_tasks.o
 .debug_ranges  0x000003f0       0x40 ./Project_Settings/Startup_Code/startup.o
 .debug_ranges  0x00000430       0x10 ./MQXLITE/psp/cortex_m/int_inst.o
 .debug_ranges  0x00000440       0x18 ./MQXLITE/psp/cortex_m/int_vtab.o
 .debug_ranges  0x00000458       0x10 ./MQXLITE/psp/cortex_m/mem_zero.o
 .debug_ranges  0x00000468       0x10 ./MQXLITE/psp/cortex_m/psp_iinit.o
 .debug_ranges  0x00000478       0x10 ./MQXLITE/psp/cortex_m/psp_tiad.o
 .debug_ranges  0x00000488       0x10 ./MQXLITE/psp/cortex_m/psp_tinm.o
 .debug_ranges  0x00000498       0x18 ./MQXLITE/psp/cortex_m/sc_irdyq.o
 .debug_ranges  0x000004b0       0x10 ./MQXLITE/psp/cortex_m/stack_bu.o
 .debug_ranges  0x000004c0       0x10 ./MQXLITE/psp/cortex_m/stack_de.o
 .debug_ranges  0x000004d0       0x10 ./MQXLITE/kernel/idletask.o
 .debug_ranges  0x000004e0       0x80 ./MQXLITE/kernel/int.o
 .debug_ranges  0x00000560       0x70 ./MQXLITE/kernel/lwevent.o
 .debug_ranges  0x000005d0       0x70 ./MQXLITE/kernel/lwsem.o
 .debug_ranges  0x00000640       0x50 ./MQXLITE/kernel/mqx_utils.o
 .debug_ranges  0x00000690       0x20 ./MQXLITE/kernel/mqxlite.o
 .debug_ranges  0x000006b0      0x150 ./MQXLITE/kernel/task.o
 .debug_ranges  0x00000800       0xa8 ./MQXLITE/kernel/time_ticks.o
 .debug_ranges  0x000008a8       0x30 ./Generated_Code/ALIM_12V_RLY.o
 .debug_ranges  0x000008d8       0x18 ./Generated_Code/Cpu.o
 .debug_ranges  0x000008f0       0x30 ./Generated_Code/MQX1.o
 .debug_ranges  0x00000920       0x30 ./Generated_Code/MX28R_DE.o
 .debug_ranges  0x00000950       0x30 ./Generated_Code/MX28R_RE.o
 .debug_ranges  0x00000980       0x40 ./Generated_Code/MX28R_RS485.o
 .debug_ranges  0x000009c0       0x20 ./Generated_Code/PE_LDD.o
 .debug_ranges  0x000009e0       0x50 ./Generated_Code/SystemTimer1.o

.debug_macro    0x00000000    0x37cde
 .debug_macro   0x00000000      0x286 ./Static_Code/System/CPU_Init.o
 .debug_macro   0x00000286      0x850 ./Static_Code/System/CPU_Init.o
 .debug_macro   0x00000ad6       0x16 ./Static_Code/System/CPU_Init.o
 .debug_macro   0x00000aec       0x44 ./Static_Code/System/CPU_Init.o
 .debug_macro   0x00000b30      0x209 ./Static_Code/System/CPU_Init.o
 .debug_macro   0x00000d39     0x1791 ./Static_Code/System/CPU_Init.o
 .debug_macro   0x000024ca    0x110ae ./Static_Code/System/CPU_Init.o
 .debug_macro   0x00013578      0x4b1 ./Static_Code/System/CPU_Init.o
 .debug_macro   0x00013a29      0x14e ./Static_Code/System/CPU_Init.o
 .debug_macro   0x00013b77       0x6a ./Static_Code/System/CPU_Init.o
 .debug_macro   0x00013be1       0x58 ./Static_Code/System/CPU_Init.o
 .debug_macro   0x00013c39       0x35 ./Static_Code/System/CPU_Init.o
 .debug_macro   0x00013c6e       0xa3 ./Static_Code/System/CPU_Init.o
 .debug_macro   0x00013d11       0x16 ./Static_Code/System/CPU_Init.o
 .debug_macro   0x00013d27       0x94 ./Static_Code/System/CPU_Init.o
 .debug_macro   0x00013dbb       0x7b ./Static_Code/System/CPU_Init.o
 .debug_macro   0x00013e36       0x81 ./Static_Code/System/CPU_Init.o
 .debug_macro   0x00013eb7       0x22 ./Static_Code/System/CPU_Init.o
 .debug_macro   0x00013ed9       0x16 ./Static_Code/System/CPU_Init.o
 .debug_macro   0x00013eef       0x70 ./Static_Code/System/CPU_Init.o
 .debug_macro   0x00013f5f      0x215 ./Static_Code/System/CPU_Init.o
 .debug_macro   0x00014174       0xa2 ./Static_Code/System/CPU_Init.o
 .debug_macro   0x00014216       0x16 ./Static_Code/System/CPU_Init.o
 .debug_macro   0x0001422c       0x1c ./Static_Code/System/CPU_Init.o
 .debug_macro   0x00014248      0x70f ./Static_Code/System/CPU_Init.o
 .debug_macro   0x00014957       0x10 ./Static_Code/System/CPU_Init.o
 .debug_macro   0x00014967       0xa6 ./Static_Code/System/CPU_Init.o
 .debug_macro   0x00014a0d      0x16d ./Static_Code/System/CPU_Init.o
 .debug_macro   0x00014b7a       0x76 ./Static_Code/System/CPU_Init.o
 .debug_macro   0x00014bf0       0xfc ./Static_Code/System/CPU_Init.o
 .debug_macro   0x00014cec       0x89 ./Static_Code/System/CPU_Init.o
 .debug_macro   0x00014d75      0x3c9 ./Static_Code/System/CPU_Init.o
 .debug_macro   0x0001513e       0x67 ./Static_Code/System/CPU_Init.o
 .debug_macro   0x000151a5       0x57 ./Static_Code/System/CPU_Init.o
 .debug_macro   0x000151fc      0x132 ./Static_Code/System/CPU_Init.o
 .debug_macro   0x0001532e       0x3a ./Static_Code/System/CPU_Init.o
 .debug_macro   0x00015368       0x40 ./Static_Code/System/CPU_Init.o
 .debug_macro   0x000153a8       0x46 ./Static_Code/System/CPU_Init.o
 .debug_macro   0x000153ee      0x299 ./Static_Code/System/CPU_Init.o
 .debug_macro   0x00015687      0x274 ./Static_Code/System/Vectors.o
 .debug_macro   0x000158fb      0x3ae ./Sources/Events.o
 .debug_macro   0x00015ca9       0x7c ./Sources/Events.o
 .debug_macro   0x00015d25      0x61c ./Sources/Events.o
 .debug_macro   0x00016341      0x625 ./Sources/Events.o
 .debug_macro   0x00016966      0x328 ./Sources/Events.o
 .debug_macro   0x00016c8e      0x1e9 ./Sources/Events.o
 .debug_macro   0x00016e77      0x109 ./Sources/Events.o
 .debug_macro   0x00016f80      0x17f ./Sources/Events.o
 .debug_macro   0x000170ff      0x202 ./Sources/Events.o
 .debug_macro   0x00017301      0x91e ./Sources/Events.o
 .debug_macro   0x00017c1f      0x585 ./Sources/Events.o
 .debug_macro   0x000181a4       0x9e ./Sources/Events.o
 .debug_macro   0x00018242      0x1f9 ./Sources/Events.o
 .debug_macro   0x0001843b      0x50f ./Sources/Events.o
 .debug_macro   0x0001894a      0x6a6 ./Sources/Events.o
 .debug_macro   0x00018ff0      0x29c ./Sources/Events.o
 .debug_macro   0x0001928c      0x264 ./Sources/Events.o
 .debug_macro   0x000194f0      0x25b ./Sources/Events.o
 .debug_macro   0x0001974b      0x4f1 ./Sources/Events.o
 .debug_macro   0x00019c3c      0x13f ./Sources/Events.o
 .debug_macro   0x00019d7b       0x6c ./Sources/Events.o
 .debug_macro   0x00019de7      0x30d ./Sources/Events.o
 .debug_macro   0x0001a0f4       0xbb ./Sources/Events.o
 .debug_macro   0x0001a1af       0xe9 ./Sources/Events.o
 .debug_macro   0x0001a298      0x4ea ./Sources/Events.o
 .debug_macro   0x0001a782      0x18f ./Sources/Events.o
 .debug_macro   0x0001a911       0xea ./Sources/Events.o
 .debug_macro   0x0001a9fb      0x344 ./Sources/Events.o
 .debug_macro   0x0001ad3f      0x824 ./Sources/Events.o
 .debug_macro   0x0001b563      0x179 ./Sources/Events.o
 .debug_macro   0x0001b6dc      0x644 ./Sources/Events.o
 .debug_macro   0x0001bd20      0xa28 ./Sources/Events.o
 .debug_macro   0x0001c748      0x124 ./Sources/Events.o
 .debug_macro   0x0001c86c      0x648 ./Sources/Events.o
 .debug_macro   0x0001ceb4      0x7bf ./Sources/Events.o
 .debug_macro   0x0001d673      0x10f ./Sources/Events.o
 .debug_macro   0x0001d782      0x66f ./Sources/Events.o
 .debug_macro   0x0001ddf1       0x7b ./Sources/Events.o
 .debug_macro   0x0001de6c      0x182 ./Sources/Events.o
 .debug_macro   0x0001dfee       0x16 ./Sources/Events.o
 .debug_macro   0x0001e004      0x3ae ./Sources/MX28R.o
 .debug_macro   0x0001e3b2      0x3a5 ./Sources/main.o
 .debug_macro   0x0001e757      0x3ae ./Sources/mqx_tasks.o
 .debug_macro   0x0001eb05      0x121 ./Project_Settings/Startup_Code/startup.o
 .debug_macro   0x0001ec26      0x166 ./Project_Settings/Startup_Code/startup.o
 .debug_macro   0x0001ed8c       0x4a ./Project_Settings/Startup_Code/startup.o
 .debug_macro   0x0001edd6       0x52 ./Project_Settings/Startup_Code/startup.o
 .debug_macro   0x0001ee28       0x16 ./Project_Settings/Startup_Code/startup.o
 .debug_macro   0x0001ee3e       0x43 ./Project_Settings/Startup_Code/startup.o
 .debug_macro   0x0001ee81      0x180 ./Project_Settings/Startup_Code/startup.o
 .debug_macro   0x0001f001      0x2a6 ./Project_Settings/Startup_Code/startup.o
 .debug_macro   0x0001f2a7       0x10 ./Project_Settings/Startup_Code/startup.o
 .debug_macro   0x0001f2b7       0x35 ./Project_Settings/Startup_Code/startup.o
 .debug_macro   0x0001f2ec       0x16 ./Project_Settings/Startup_Code/startup.o
 .debug_macro   0x0001f302       0x22 ./Project_Settings/Startup_Code/startup.o
 .debug_macro   0x0001f324       0x10 ./Project_Settings/Startup_Code/startup.o
 .debug_macro   0x0001f334      0x20f ./Project_Settings/Startup_Code/startup.o
 .debug_macro   0x0001f543    0x110a2 ./Project_Settings/Startup_Code/startup.o
 .debug_macro   0x000305e5      0x285 ./MQXLITE/psp/cortex_m/int_inst.o
 .debug_macro   0x0003086a      0x285 ./MQXLITE/psp/cortex_m/int_vtab.o
 .debug_macro   0x00030aef      0x285 ./MQXLITE/psp/cortex_m/mem_zero.o
 .debug_macro   0x00030d74      0x285 ./MQXLITE/psp/cortex_m/psp_iinit.o
 .debug_macro   0x00030ff9      0x285 ./MQXLITE/psp/cortex_m/psp_tiad.o
 .debug_macro   0x0003127e      0x285 ./MQXLITE/psp/cortex_m/psp_tinm.o
 .debug_macro   0x00031503      0x285 ./MQXLITE/psp/cortex_m/sc_irdyq.o
 .debug_macro   0x00031788      0x285 ./MQXLITE/psp/cortex_m/stack_bu.o
 .debug_macro   0x00031a0d      0x285 ./MQXLITE/psp/cortex_m/stack_de.o
 .debug_macro   0x00031c92      0x285 ./MQXLITE/kernel/idletask.o
 .debug_macro   0x00031f17      0x285 ./MQXLITE/kernel/int.o
 .debug_macro   0x0003219c      0x292 ./MQXLITE/kernel/lwevent.o
 .debug_macro   0x0003242e       0x10 ./MQXLITE/kernel/lwevent.o
 .debug_macro   0x0003243e      0x285 ./MQXLITE/kernel/lwsem.o
 .debug_macro   0x000326c3      0x293 ./MQXLITE/kernel/mqx_utils.o
 .debug_macro   0x00032956      0x293 ./MQXLITE/kernel/mqxlite.o
 .debug_macro   0x00032be9      0x2f0 ./MQXLITE/kernel/task.o
 .debug_macro   0x00032ed9     0x178b ./MQXLITE/kernel/task.o
 .debug_macro   0x00034664      0x291 ./MQXLITE/kernel/time_ticks.o
 .debug_macro   0x000348f5      0x247 ./MQXLITE/config/task_template_list.o
 .debug_macro   0x00034b3c      0x1bc ./Generated_Code/ALIM_12V_RLY.o
 .debug_macro   0x00034cf8       0x9c ./Generated_Code/ALIM_12V_RLY.o
 .debug_macro   0x00034d94      0x6fd ./Generated_Code/ALIM_12V_RLY.o
 .debug_macro   0x00035491     0x1785 ./Generated_Code/ALIM_12V_RLY.o
 .debug_macro   0x00036c16      0x12c ./Generated_Code/ALIM_12V_RLY.o
 .debug_macro   0x00036d42       0x40 ./Generated_Code/ALIM_12V_RLY.o
 .debug_macro   0x00036d82      0x265 ./Generated_Code/Cpu.o
 .debug_macro   0x00036fe7      0x26d ./Generated_Code/MQX1.o
 .debug_macro   0x00037254       0x51 ./Generated_Code/MQX1.o
 .debug_macro   0x000372a5      0x1bc ./Generated_Code/MX28R_DE.o
 .debug_macro   0x00037461      0x1bc ./Generated_Code/MX28R_RE.o
 .debug_macro   0x0003761d       0x3a ./Generated_Code/MX28R_RE.o
 .debug_macro   0x00037657      0x27a ./Generated_Code/MX28R_RS485.o
 .debug_macro   0x000378d1      0x232 ./Generated_Code/PE_LDD.o
 .debug_macro   0x00037b03      0x1db ./Generated_Code/SystemTimer1.o

.debug_line     0x00000000     0xe1f5
 .debug_line    0x00000000      0x701 ./Static_Code/System/CPU_Init.o
 .debug_line    0x00000701      0xca4 ./Static_Code/System/Vectors.o
 .debug_line    0x000013a5      0x77f ./Sources/Events.o
 .debug_line    0x00001b24      0x891 ./Sources/MX28R.o
 .debug_line    0x000023b5      0x756 ./Sources/main.o
 .debug_line    0x00002b0b      0x771 ./Sources/mqx_tasks.o
 .debug_line    0x0000327c      0x3bd ./Project_Settings/Startup_Code/startup.o
 .debug_line    0x00003639       0x71 ./MQXLITE/psp/cortex_m/core/M4/boot.o
 .debug_line    0x000036aa      0x17a ./MQXLITE/psp/cortex_m/core/M4/dispatch.o
 .debug_line    0x00003824      0x5e8 ./MQXLITE/psp/cortex_m/int_inst.o
 .debug_line    0x00003e0c      0x5fb ./MQXLITE/psp/cortex_m/int_vtab.o
 .debug_line    0x00004407      0x66f ./MQXLITE/psp/cortex_m/mem_zero.o
 .debug_line    0x00004a76      0x5e9 ./MQXLITE/psp/cortex_m/psp_iinit.o
 .debug_line    0x0000505f      0x5ec ./MQXLITE/psp/cortex_m/psp_tiad.o
 .debug_line    0x0000564b      0x5ea ./MQXLITE/psp/cortex_m/psp_tinm.o
 .debug_line    0x00005c35      0x641 ./MQXLITE/psp/cortex_m/sc_irdyq.o
 .debug_line    0x00006276      0x5f6 ./MQXLITE/psp/cortex_m/stack_bu.o
 .debug_line    0x0000686c      0x5e4 ./MQXLITE/psp/cortex_m/stack_de.o
 .debug_line    0x00006e50      0x5e5 ./MQXLITE/kernel/idletask.o
 .debug_line    0x00007435      0x7a7 ./MQXLITE/kernel/int.o
 .debug_line    0x00007bdc      0x863 ./MQXLITE/kernel/lwevent.o
 .debug_line    0x0000843f      0x870 ./MQXLITE/kernel/lwsem.o
 .debug_line    0x00008caf      0x6c4 ./MQXLITE/kernel/mqx_utils.o
 .debug_line    0x00009373      0x66d ./MQXLITE/kernel/mqxlite.o
 .debug_line    0x000099e0      0xc62 ./MQXLITE/kernel/task.o
 .debug_line    0x0000a642      0x91e ./MQXLITE/kernel/time_ticks.o
 .debug_line    0x0000af60      0x589 ./MQXLITE/config/task_template_list.o
 .debug_line    0x0000b4e9      0x50f ./Generated_Code/ALIM_12V_RLY.o
 .debug_line    0x0000b9f8      0x5e2 ./Generated_Code/Cpu.o
 .debug_line    0x0000bfda      0x622 ./Generated_Code/MQX1.o
 .debug_line    0x0000c5fc      0x507 ./Generated_Code/MX28R_DE.o
 .debug_line    0x0000cb03      0x507 ./Generated_Code/MX28R_RE.o
 .debug_line    0x0000d00a      0x6c6 ./Generated_Code/MX28R_RS485.o
 .debug_line    0x0000d6d0      0x599 ./Generated_Code/PE_LDD.o
 .debug_line    0x0000dc69      0x58c ./Generated_Code/SystemTimer1.o

.debug_str      0x00000000    0xf5cc4
 .debug_str     0x00000000    0x753c2 ./Static_Code/System/CPU_Init.o
                              0x75a4d (size before relaxing)
 .debug_str     0x000753c2      0x984 ./Static_Code/System/Vectors.o
                              0x75c91 (size before relaxing)
 .debug_str     0x00075d46    0x7aae6 ./Sources/Events.o
                              0xeeefe (size before relaxing)
 .debug_str     0x000f082c      0x141 ./Sources/MX28R.o
                              0xef015 (size before relaxing)
 .debug_str     0x000f096d       0x17 ./Sources/main.o
                              0xee850 (size before relaxing)
 .debug_str     0x000f0984       0x2d ./Sources/mqx_tasks.o
                              0xeeee1 (size before relaxing)
 .debug_str     0x000f09b1     0x21a2 ./Project_Settings/Startup_Code/startup.o
                              0x63699 (size before relaxing)
 .debug_str     0x000f2b53     0x10a0 ./MQXLITE/psp/cortex_m/int_inst.o
                              0x75231 (size before relaxing)
 .debug_str     0x000f3bf3      0x154 ./MQXLITE/psp/cortex_m/int_vtab.o
                              0x74a9e (size before relaxing)
 .debug_str     0x000f3d47       0x8f ./MQXLITE/psp/cortex_m/mem_zero.o
                              0x749ab (size before relaxing)
 .debug_str     0x000f3dd6       0x6b ./MQXLITE/psp/cortex_m/psp_iinit.o
                              0x74985 (size before relaxing)
 .debug_str     0x000f3e41       0x80 ./MQXLITE/psp/cortex_m/psp_tiad.o
                              0x75266 (size before relaxing)
 .debug_str     0x000f3ec1       0x38 ./MQXLITE/psp/cortex_m/psp_tinm.o
                              0x75279 (size before relaxing)
 .debug_str     0x000f3ef9      0x12f ./MQXLITE/psp/cortex_m/sc_irdyq.o
                              0x75384 (size before relaxing)
 .debug_str     0x000f4028      0x15f ./MQXLITE/psp/cortex_m/stack_bu.o
                              0x74d9b (size before relaxing)
 .debug_str     0x000f4187       0x3c ./MQXLITE/psp/cortex_m/stack_de.o
                              0x74c3c (size before relaxing)
 .debug_str     0x000f41c3       0x2c ./MQXLITE/kernel/idletask.o
                              0x75233 (size before relaxing)
 .debug_str     0x000f41ef      0x1d5 ./MQXLITE/kernel/int.o
                              0x7546d (size before relaxing)
 .debug_str     0x000f43c4      0x22b ./MQXLITE/kernel/lwevent.o
                              0x754f6 (size before relaxing)
 .debug_str     0x000f45ef      0x14c ./MQXLITE/kernel/lwsem.o
                              0x75415 (size before relaxing)
 .debug_str     0x000f473b      0x11f ./MQXLITE/kernel/mqx_utils.o
                              0x753ac (size before relaxing)
 .debug_str     0x000f485a      0x158 ./MQXLITE/kernel/mqxlite.o
                              0x7590e (size before relaxing)
 .debug_str     0x000f49b2      0x5a8 ./MQXLITE/kernel/task.o
                              0x77f32 (size before relaxing)
 .debug_str     0x000f4f5a      0x274 ./MQXLITE/kernel/time_ticks.o
                              0x75559 (size before relaxing)
 .debug_str     0x000f51ce       0x66 ./MQXLITE/config/task_template_list.o
                              0x744ee (size before relaxing)
 .debug_str     0x000f5234      0x145 ./Generated_Code/ALIM_12V_RLY.o
                              0x72d22 (size before relaxing)
 .debug_str     0x000f5379       0x28 ./Generated_Code/Cpu.o
                              0x73eee (size before relaxing)
 .debug_str     0x000f53a1      0x21d ./Generated_Code/MQX1.o
                              0x74fd7 (size before relaxing)
 .debug_str     0x000f55be       0x98 ./Generated_Code/MX28R_DE.o
                              0x72c71 (size before relaxing)
 .debug_str     0x000f5656       0x98 ./Generated_Code/MX28R_RE.o
                              0x72c71 (size before relaxing)
 .debug_str     0x000f56ee      0x2ad ./Generated_Code/MX28R_RS485.o
                              0x8333f (size before relaxing)
 .debug_str     0x000f599b      0x153 ./Generated_Code/PE_LDD.o
                              0x7456a (size before relaxing)
 .debug_str     0x000f5aee      0x1d6 ./Generated_Code/SystemTimer1.o
                              0x73939 (size before relaxing)

.comment        0x00000000       0x70
 .comment       0x00000000       0x70 ./Static_Code/System/CPU_Init.o
                                 0x71 (size before relaxing)
 .comment       0x00000000       0x71 ./Static_Code/System/Vectors.o
 .comment       0x00000000       0x71 ./Sources/Events.o
 .comment       0x00000000       0x71 ./Sources/MX28R.o
 .comment       0x00000000       0x71 ./Sources/main.o
 .comment       0x00000000       0x71 ./Sources/mqx_tasks.o
 .comment       0x00000000       0x71 ./Project_Settings/Startup_Code/startup.o
 .comment       0x00000000       0x71 ./MQXLITE/psp/cortex_m/int_inst.o
 .comment       0x00000000       0x71 ./MQXLITE/psp/cortex_m/int_vtab.o
 .comment       0x00000000       0x71 ./MQXLITE/psp/cortex_m/mem_zero.o
 .comment       0x00000000       0x71 ./MQXLITE/psp/cortex_m/psp_iinit.o
 .comment       0x00000000       0x71 ./MQXLITE/psp/cortex_m/psp_tiad.o
 .comment       0x00000000       0x71 ./MQXLITE/psp/cortex_m/psp_tinm.o
 .comment       0x00000000       0x71 ./MQXLITE/psp/cortex_m/sc_irdyq.o
 .comment       0x00000000       0x71 ./MQXLITE/psp/cortex_m/stack_bu.o
 .comment       0x00000000       0x71 ./MQXLITE/psp/cortex_m/stack_de.o
 .comment       0x00000000       0x71 ./MQXLITE/kernel/idletask.o
 .comment       0x00000000       0x71 ./MQXLITE/kernel/int.o
 .comment       0x00000000       0x71 ./MQXLITE/kernel/lwevent.o
 .comment       0x00000000       0x71 ./MQXLITE/kernel/lwsem.o
 .comment       0x00000000       0x71 ./MQXLITE/kernel/mqx_utils.o
 .comment       0x00000000       0x71 ./MQXLITE/kernel/mqxlite.o
 .comment       0x00000000       0x71 ./MQXLITE/kernel/task.o
 .comment       0x00000000       0x71 ./MQXLITE/kernel/time_ticks.o
 .comment       0x00000000       0x71 ./MQXLITE/config/task_template_list.o
 .comment       0x00000000       0x71 ./Generated_Code/ALIM_12V_RLY.o
 .comment       0x00000000       0x71 ./Generated_Code/Cpu.o
 .comment       0x00000000       0x71 ./Generated_Code/MQX1.o
 .comment       0x00000000       0x71 ./Generated_Code/MX28R_DE.o
 .comment       0x00000000       0x71 ./Generated_Code/MX28R_RE.o
 .comment       0x00000000       0x71 ./Generated_Code/MX28R_RS485.o
 .comment       0x00000000       0x71 ./Generated_Code/PE_LDD.o
 .comment       0x00000000       0x71 ./Generated_Code/SystemTimer1.o

.debug_frame    0x00000000     0x2748
 .debug_frame   0x00000000       0x9c ./Static_Code/System/CPU_Init.o
 .debug_frame   0x0000009c      0xcb0 ./Static_Code/System/Vectors.o
 .debug_frame   0x00000d4c       0x68 ./Sources/Events.o
 .debug_frame   0x00000db4      0x100 ./Sources/MX28R.o
 .debug_frame   0x00000eb4       0x2c ./Sources/main.o
 .debug_frame   0x00000ee0       0x50 ./Sources/mqx_tasks.o
 .debug_frame   0x00000f30       0xc0 ./Project_Settings/Startup_Code/startup.o
 .debug_frame   0x00000ff0       0x30 ./MQXLITE/psp/cortex_m/int_inst.o
 .debug_frame   0x00001020       0x44 ./MQXLITE/psp/cortex_m/int_vtab.o
 .debug_frame   0x00001064       0x30 ./MQXLITE/psp/cortex_m/mem_zero.o
 .debug_frame   0x00001094       0x30 ./MQXLITE/psp/cortex_m/psp_iinit.o
 .debug_frame   0x000010c4       0x34 ./MQXLITE/psp/cortex_m/psp_tiad.o
 .debug_frame   0x000010f8       0x30 ./MQXLITE/psp/cortex_m/psp_tinm.o
 .debug_frame   0x00001128       0x48 ./MQXLITE/psp/cortex_m/sc_irdyq.o
 .debug_frame   0x00001170       0x30 ./MQXLITE/psp/cortex_m/stack_bu.o
 .debug_frame   0x000011a0       0x2c ./MQXLITE/psp/cortex_m/stack_de.o
 .debug_frame   0x000011cc       0x2c ./MQXLITE/kernel/idletask.o
 .debug_frame   0x000011f8      0x1d8 ./MQXLITE/kernel/int.o
 .debug_frame   0x000013d0      0x1ac ./MQXLITE/kernel/lwevent.o
 .debug_frame   0x0000157c      0x1ac ./MQXLITE/kernel/lwsem.o
 .debug_frame   0x00001728      0x110 ./MQXLITE/kernel/mqx_utils.o
 .debug_frame   0x00001838       0x74 ./MQXLITE/kernel/mqxlite.o
 .debug_frame   0x000018ac      0x50c ./MQXLITE/kernel/task.o
 .debug_frame   0x00001db8      0x29c ./MQXLITE/kernel/time_ticks.o
 .debug_frame   0x00002054       0x9c ./Generated_Code/ALIM_12V_RLY.o
 .debug_frame   0x000020f0       0x48 ./Generated_Code/Cpu.o
 .debug_frame   0x00002138       0xb0 ./Generated_Code/MQX1.o
 .debug_frame   0x000021e8       0x9c ./Generated_Code/MX28R_DE.o
 .debug_frame   0x00002284       0x9c ./Generated_Code/MX28R_RE.o
 .debug_frame   0x00002320       0xe8 ./Generated_Code/MX28R_RS485.o
 .debug_frame   0x00002408       0x64 ./Generated_Code/PE_LDD.o
 .debug_frame   0x0000246c      0x11c ./Generated_Code/SystemTimer1.o
 .debug_frame   0x00002588       0x28 e:/freescale/kds_v3/toolchain/bin/../lib/gcc/arm-none-eabi/4.8.4/../../../../arm-none-eabi/lib/armv7e-m/fpu\libg_s.a(lib_a-exit.o)
 .debug_frame   0x000025b0       0x2c e:/freescale/kds_v3/toolchain/bin/../lib/gcc/arm-none-eabi/4.8.4/../../../../arm-none-eabi/lib/armv7e-m/fpu\libg_s.a(lib_a-init.o)
 .debug_frame   0x000025dc       0x20 e:/freescale/kds_v3/toolchain/bin/../lib/gcc/arm-none-eabi/4.8.4/../../../../arm-none-eabi/lib/armv7e-m/fpu\libg_s.a(lib_a-memset.o)
 .debug_frame   0x000025fc      0x12c e:/freescale/kds_v3/toolchain/bin/../lib/gcc/arm-none-eabi/4.8.4/../../../../arm-none-eabi/lib/armv7e-m/fpu\libg_s.a(lib_a-findfp.o)
 .debug_frame   0x00002728       0x20 e:/freescale/kds_v3/toolchain/bin/../lib/gcc/arm-none-eabi/4.8.4/../../../../arm-none-eabi/lib/armv7e-m/fpu\libnosys.a(_exit.o)

.stabstr        0x00000000      0x14d
 .stabstr       0x00000000      0x14d e:/freescale/kds_v3/toolchain/bin/../lib/gcc/arm-none-eabi/4.8.4/../../../../arm-none-eabi/lib/armv7e-m/fpu\libnosys.a(close.o)
